Component: ARM Compiler 5.06 update 5 (build 528) Tool: armlink [4d35e2]

==============================================================================

Section Cross References

    startup_stm32f103xe.o(RESET) refers to startup_stm32f103xe.o(STACK) for __initial_sp
    startup_stm32f103xe.o(RESET) refers to startup_stm32f103xe.o(.text) for Reset_Handler
    startup_stm32f103xe.o(RESET) refers to stm32f1xx_it.o(i.NMI_Handler) for NMI_Handler
    startup_stm32f103xe.o(RESET) refers to stm32f1xx_it.o(i.HardFault_Handler) for HardFault_Handler
    startup_stm32f103xe.o(RESET) refers to stm32f1xx_it.o(i.MemManage_Handler) for MemManage_Handler
    startup_stm32f103xe.o(RESET) refers to stm32f1xx_it.o(i.BusFault_Handler) for BusFault_Handler
    startup_stm32f103xe.o(RESET) refers to stm32f1xx_it.o(i.UsageFault_Handler) for UsageFault_Handler
    startup_stm32f103xe.o(RESET) refers to stm32f1xx_it.o(i.SVC_Handler) for SVC_Handler
    startup_stm32f103xe.o(RESET) refers to stm32f1xx_it.o(i.DebugMon_Handler) for DebugMon_Handler
    startup_stm32f103xe.o(RESET) refers to stm32f1xx_it.o(i.PendSV_Handler) for PendSV_Handler
    startup_stm32f103xe.o(RESET) refers to stm32f1xx_it.o(i.SysTick_Handler) for SysTick_Handler
    startup_stm32f103xe.o(.text) refers to system_stm32f1xx.o(i.SystemInit) for SystemInit
    startup_stm32f103xe.o(.text) refers to entry.o(.ARM.Collect$$$$00000000) for __main
    gui_x.o(i.GUI_X_Delay) refers to gui_x.o(.data) for .data
    gui_x.o(i.GUI_X_GetTime) refers to gui_x.o(.data) for .data
    guiconf.o(i.GUI_X_Config) refers to GUI_Alloc.o(.text.GUI_ALLOC_AssignMemory) for GUI_ALLOC_AssignMemory
    guiconf.o(i.GUI_X_Config) refers to GUI_Core.o(.text.GUI_SetDefaultFont) for GUI_SetDefaultFont
    guiconf.o(i.GUI_X_Config) refers to guiconf.o(.bss) for .bss
    guiconf.o(i.GUI_X_Config) refers to F6x8.o(.rodata) for GUI_Font6x8
    lcdconf_flexcolor_template.o(i.LCD_X_Config) refers to memseta.o(.text) for __aeabi_memclr4
    lcdconf_flexcolor_template.o(i.LCD_X_Config) refers to GUI_Device.o(.text.GUI_DEVICE_CreateAndLink) for GUI_DEVICE_CreateAndLink
    lcdconf_flexcolor_template.o(i.LCD_X_Config) refers to LCD_Set.o(.text.LCD_SetSizeEx) for LCD_SetSizeEx
    lcdconf_flexcolor_template.o(i.LCD_X_Config) refers to LCD_Set.o(.text.LCD_SetVSizeEx) for LCD_SetVSizeEx
    lcdconf_flexcolor_template.o(i.LCD_X_Config) refers to GUIDRV_FlexColor.o(.text.GUIDRV_FlexColor_Config) for GUIDRV_FlexColor_Config
    lcdconf_flexcolor_template.o(i.LCD_X_Config) refers to GUIDRV_FlexColor.o(.text.GUIDRV_FlexColor_SetFunc) for GUIDRV_FlexColor_SetFunc
    lcdconf_flexcolor_template.o(i.LCD_X_Config) refers to GUICC_565.o(.rodata) for LCD_API_ColorConv_565
    lcdconf_flexcolor_template.o(i.LCD_X_Config) refers to GUIDRV_FlexColor.o(.rodata) for GUIDRV_FlexColor_API
    lcdconf_flexcolor_template.o(i.LCD_X_Config) refers to lcdconf_flexcolor_template.o(i.LcdWriteReg) for LcdWriteReg
    lcdconf_flexcolor_template.o(i.LCD_X_Config) refers to lcdconf_flexcolor_template.o(i.LcdWriteData) for LcdWriteData
    lcdconf_flexcolor_template.o(i.LCD_X_Config) refers to lcdconf_flexcolor_template.o(i.LcdWriteDataMultiple) for LcdWriteDataMultiple
    lcdconf_flexcolor_template.o(i.LCD_X_Config) refers to lcdconf_flexcolor_template.o(i.LcdReadDataMultiple) for LcdReadDataMultiple
    lcdconf_flexcolor_template.o(i.LCD_X_Config) refers to GUIDRV_FlexColor_16bpp_C0B8.o(.text.GUIDRV_FlexColor_SetMode16bppC0B8) for GUIDRV_FlexColor_SetMode16bppC0B8
    lcdconf_flexcolor_template.o(i.LCD_X_Config) refers to GUIDRV_FlexColor_Func66709.o(.text.GUIDRV_FlexColor_SetFunc66709) for GUIDRV_FlexColor_SetFunc66709
    lcdconf_flexcolor_template.o(i.LCD_X_DisplayDriver) refers to ili9341.o(i.ili9341_Init) for ili9341_Init
    lcdconf_flexcolor_template.o(i.LcdWriteData) refers to bsp_lcd.o(i.LCD_IO_WriteData) for LCD_IO_WriteData
    lcdconf_flexcolor_template.o(i.LcdWriteDataMultiple) refers to bsp_lcd.o(i.LCD_IO_WriteData) for LCD_IO_WriteData
    lcdconf_flexcolor_template.o(i.LcdWriteReg) refers to bsp_lcd.o(i.LCD_IO_WriteReg) for LCD_IO_WriteReg
    main.o(i.SystemClock_Config) refers to memseta.o(.text) for __aeabi_memclr4
    main.o(i.SystemClock_Config) refers to stm32f1xx_hal_rcc.o(i.HAL_RCC_OscConfig) for HAL_RCC_OscConfig
    main.o(i.SystemClock_Config) refers to stm32f1xx_hal_rcc.o(i.HAL_RCC_ClockConfig) for HAL_RCC_ClockConfig
    main.o(i.main) refers to stm32f1xx_hal.o(i.HAL_Init) for HAL_Init
    main.o(i.main) refers to main.o(i.SystemClock_Config) for SystemClock_Config
    main.o(i.main) refers to gpio.o(i.MX_GPIO_Init) for MX_GPIO_Init
    main.o(i.main) refers to crc.o(i.MX_CRC_Init) for MX_CRC_Init
    main.o(i.main) refers to fsmc.o(i.MX_FSMC_Init) for MX_FSMC_Init
    main.o(i.main) refers to GUI_Core.o(.text.GUI_Init) for GUI_Init
    main.o(i.main) refers to GUI_DispString.o(.text.GUI_DispStringAt) for GUI_DispStringAt
    main.o(i.main) refers to stm32f1xx_hal.o(i.HAL_Delay) for HAL_Delay
[...]
    ADC3_IRQHandler                          0x0800015f   Thumb Code     0  startup_stm32f103xe.o(.text)
    CAN1_RX1_IRQHandler                      0x0800015f   Thumb Code     0  startup_stm32f103xe.o(.text)
    CAN1_SCE_IRQHandler                      0x0800015f   Thumb Code     0  startup_stm32f103xe.o(.text)
    DMA1_Channel1_IRQHandler                 0x0800015f   Thumb Code     0  startup_stm32f103xe.o(.text)
    DMA1_Channel2_IRQHandler                 0x0800015f   Thumb Code     0  startup_stm32f103xe.o(.text)
    DMA1_Channel3_IRQHandler                 0x0800015f   Thumb Code     0  startup_stm32f103xe.o(.text)
    DMA1_Channel4_IRQHandler                 0x0800015f   Thumb Code     0  startup_stm32f103xe.o(.text)
    DMA1_Channel5_IRQHandler                 0x0800015f   Thumb Code     0  startup_stm32f103xe.o(.text)
    DMA1_Channel6_IRQHandler                 0x0800015f   Thumb Code     0  startup_stm32f103xe.o(.text)
    DMA1_Channel7_IRQHandler                 0x0800015f   Thumb Code     0  startup_stm32f103xe.o(.text)
    DMA2_Channel1_IRQHandler                 0x0800015f   Thumb Code     0  startup_stm32f103xe.o(.text)
    DMA2_Channel2_IRQHandler                 0x0800015f   Thumb Code     0  startup_stm32f103xe.o(.text)
    DMA2_Channel3_IRQHandler                 0x0800015f   Thumb Code     0  startup_stm32f103xe.o(.text)
    DMA2_Channel4_5_IRQHandler               0x0800015f   Thumb Code     0  startup_stm32f103xe.o(.text)
    EXTI0_IRQHandler                         0x0800015f   Thumb Code     0  startup_stm32f103xe.o(.text)
    EXTI15_10_IRQHandler                     0x0800015f   Thumb Code     0  startup_stm32f103xe.o(.text)
    EXTI1_IRQHandler                         0x0800015f   Thumb Code     0  startup_stm32f103xe.o(.text)
    EXTI2_IRQHandler                         0x0800015f   Thumb Code     0  startup_stm32f103xe.o(.text)
    EXTI3_IRQHandler                         0x0800015f   Thumb Code     0  startup_stm32f103xe.o(.text)
    EXTI4_IRQHandler                         0x0800015f   Thumb Code     0  startup_stm32f103xe.o(.text)
    EXTI9_5_IRQHandler                       0x0800015f   Thumb Code     0  startup_stm32f103xe.o(.text)
    FLASH_IRQHandler                         0x0800015f   Thumb Code     0  startup_stm32f103xe.o(.text)
    FSMC_IRQHandler                          0x0800015f   Thumb Code     0  startup_stm32f103xe.o(.text)
    I2C1_ER_IRQHandler                       0x0800015f   Thumb Code     0  startup_stm32f103xe.o(.text)
    I2C1_EV_IRQHandler                       0x0800015f   Thumb Code     0  startup_stm32f103xe.o(.text)
    I2C2_ER_IRQHandler                       0x0800015f   Thumb Code     0  startup_stm32f103xe.o(.text)
    I2C2_EV_IRQHandler                       0x0800015f   Thumb Code     0  startup_stm32f103xe.o(.text)
    PVD_IRQHandler                           0x0800015f   Thumb Code     0  startup_stm32f103xe.o(.text)
    RCC_IRQHandler                           0x0800015f   Thumb Code     0  startup_stm32f103xe.o(.text)
    RTC_Alarm_IRQHandler                     0x0800015f   Thumb Code     0  startup_stm32f103xe.o(.text)
    RTC_IRQHandler                           0x0800015f   Thumb Code     0  startup_stm32f103xe.o(.text)
    SDIO_IRQHandler                          0x0800015f   Thumb Code     0  startup_stm32f103xe.o(.text)
    SPI1_IRQHandler                          0x0800015f   Thumb Code     0  startup_stm32f103xe.o(.text)
    SPI2_IRQHandler                          0x0800015f   Thumb Code     0  startup_stm32f103xe.o(.text)
    SPI3_IRQHandler                          0x0800015f   Thumb Code     0  startup_stm32f103xe.o(.text)
    TAMPER_IRQHandler                        0x0800015f   Thumb Code     0  startup_stm32f103xe.o(.text)
    TIM1_BRK_IRQHandler                      0x0800015f   Thumb Code     0  startup_stm32f103xe.o(.text)
    TIM1_CC_IRQHandler                       0x0800015f   Thumb Code     0  startup_stm32f103xe.o(.text)
    TIM1_TRG_COM_IRQHandler                  0x0800015f   Thumb Code     0  startup_stm32f103xe.o(.text)
    TIM1_UP_IRQHandler                       0x0800015f   Thumb Code     0  startup_stm32f103xe.o(.text)
    TIM2_IRQHandler                          0x0800015f   Thumb Code     0  startup_stm32f103xe.o(.text)
    TIM3_IRQHandler                          0x0800015f   Thumb Code     0  startup_stm32f103xe.o(.text)
    TIM4_IRQHandler                          0x0800015f   Thumb Code     0  startup_stm32f103xe.o(.text)
    TIM5_IRQHandler                          0x0800015f   Thumb Code     0  startup_stm32f103xe.o(.text)
    TIM6_IRQHandler                          0x0800015f   Thumb Code     0  startup_stm32f103xe.o(.text)
    TIM7_IRQHandler                          0x0800015f   Thumb Code     0  startup_stm32f103xe.o(.text)
    TIM8_BRK_IRQHandler                      0x0800015f   Thumb Code     0  startup_stm32f103xe.o(.text)
    TIM8_CC_IRQHandler                       0x0800015f   Thumb Code     0  startup_stm32f103xe.o(.text)
    TIM8_TRG_COM_IRQHandler                  0x0800015f   Thumb Code     0  startup_stm32f103xe.o(.text)
    TIM8_UP_IRQHandler                       0x0800015f   Thumb Code     0  startup_stm32f103xe.o(.text)
    UART4_IRQHandler                         0x0800015f   Thumb Code     0  startup_stm32f103xe.o(.text)
    UART5_IRQHandler                         0x0800015f   Thumb Code     0  startup_stm32f103xe.o(.text)
    USART1_IRQHandler                        0x0800015f   Thumb Code     0  startup_stm32f103xe.o(.text)
    USART2_IRQHandler                        0x0800015f   Thumb Code     0  startup_stm32f103xe.o(.text)
    USART3_IRQHandler                        0x0800015f   Thumb Code     0  startup_stm32f103xe.o(.text)
    USBWakeUp_IRQHandler                     0x0800015f   Thumb Code     0  startup_stm32f103xe.o(.text)
    USB_HP_CAN1_TX_IRQHandler                0x0800015f   Thumb Code     0  startup_stm32f103xe.o(.text)
    USB_LP_CAN1_RX0_IRQHandler               0x0800015f   Thumb Code     0  startup_stm32f103xe.o(.text)
    WWDG_IRQHandler                          0x0800015f   Thumb Code     0  startup_stm32f103xe.o(.text)
    ____aeabi_memcpy$ret$move                0x08000169   Thumb Code    66  memmove.o(.text)
    ____aeabi_memcpy4$ret$move               0x08000169   Thumb Code     0  memmove.o(.text)
    ____aeabi_memcpy8$ret$move               0x08000169   Thumb Code     0  memmove.o(.text)
    ___aeabi_memmove$ret                     0x08000169   Thumb Code     0  memmove.o(.text)
    ___aeabi_memmove4$ret                    0x08000169   Thumb Code     0  memmove.o(.text)
    ___aeabi_memmove8$ret                    0x08000169   Thumb Code     0  memmove.o(.text)
    memcpy                                   0x08000169   Thumb Code     0  memmove.o(.text)
    memmove                                  0x08000169   Thumb Code     0  memmove.o(.text)
    __aeabi_memset                           0x080001ab   Thumb Code    14  memseta.o(.text)
    __aeabi_memset4                          0x080001ab   Thumb Code     0  memseta.o(.text)
    __aeabi_memset8                          0x080001ab   Thumb Code     0  memseta.o(.text)
    __aeabi_memclr                           0x080001b9   Thumb Code     4  memseta.o(.text)
    __aeabi_memclr4                          0x080001b9   Thumb Code     0  memseta.o(.text)
    __aeabi_memclr8                          0x080001b9   Thumb Code     0  memseta.o(.text)
    memset                                   0x080001bd   Thumb Code    18  memseta.o(.text)
    __scatterload                            0x080001d1   Thumb Code    28  init.o(.text)
    __scatterload_rt2                        0x080001d1   Thumb Code     0  init.o(.text)
    GUIDRV_FlexColor_Config                  0x080001f5   Thumb Code    60  GUIDRV_FlexColor.o(.text.GUIDRV_FlexColor_Config)
    GUIDRV_FlexColor_SetFunc                 0x08000231   Thumb Code    50  GUIDRV_FlexColor.o(.text.GUIDRV_FlexColor_SetFunc)
    GUIDRV_FlexColor_SetFunc66709            0x08000265   Thumb Code   108  GUIDRV_FlexColor_Func66709.o(.text.GUIDRV_FlexColor_SetFunc66709)
    GUIDRV_FlexColor_SetMode16bppC0B8        0x080002d1   Thumb Code   104  GUIDRV_FlexColor_16bpp_C0B8.o(.text.GUIDRV_FlexColor_SetMode16bppC0B8)
    GUIDRV_FlexColor__GetPixelIndexNoCache   0x08000339   Thumb Code   178  GUIDRV_FlexColor.o(.text.GUIDRV_FlexColor__GetPixelIndexNoCache)
    GUIDRV_FlexColor__InitOnce               0x080003ed   Thumb Code    60  GUIDRV_FlexColor.o(.text.GUIDRV_FlexColor__InitOnce)
    GUIDRV_FlexColor__SetLog2Phys            0x08000429   Thumb Code    72  GUIDRV_FlexColor.o(.text.GUIDRV_FlexColor__SetLog2Phys)
    GUIDRV_FlexColor__SetPixelIndexNoCache   0x08000471   Thumb Code   136  GUIDRV_FlexColor.o(.text.GUIDRV_FlexColor__SetPixelIndexNoCache)
    GUIMONO_DispChar                         0x080004f9   Thumb Code   316  GUI_CharM.o(.text.GUIMONO_DispChar)
    GUIMONO_GetCharDistX                     0x08000635   Thumb Code    24  GUI_CharM.o(.text.GUIMONO_GetCharDistX)
    GUIMONO_GetFontInfo                      0x0800064d   Thumb Code     6  GUI_CharM.o(.text.GUIMONO_GetFontInfo)
    GUIMONO_IsInFont                         0x08000653   Thumb Code    54  GUI_CharM.o(.text.GUIMONO_IsInFont)
    GUI_ALLOC_AllocNoInit                    0x08000689   Thumb Code     8  GUI_Alloc.o(.text.GUI_ALLOC_AllocNoInit)
    GUI_ALLOC_AllocZero                      0x08000691   Thumb Code    48  GUI_Alloc.o(.text.GUI_ALLOC_AllocZero)
    GUI_ALLOC_AssignMemory                   0x080006c1   Thumb Code    16  GUI_Alloc.o(.text.GUI_ALLOC_AssignMemory)
    GUI_ALLOC_Free                           0x080006d1   Thumb Code    40  GUI_Alloc.o(.text.GUI_ALLOC_Free)
    GUI_ALLOC_FreeFixedBlock                 0x080006f9   Thumb Code    20  GUI_Alloc.o(.text.GUI_ALLOC_FreeFixedBlock)
    GUI_ALLOC_GetFixedBlock                  0x0800070d   Thumb Code   164  GUI_Alloc.o(.text.GUI_ALLOC_GetFixedBlock)
    GUI_ALLOC_LockH                          0x080007b1   Thumb Code    28  GUI_Alloc.o(.text.GUI_ALLOC_LockH)
    GUI_ALLOC_UnlockH                        0x080007cd   Thumb Code    48  GUI_Alloc.o(.text.GUI_ALLOC_UnlockH)
    GUI_ALLOC_h2p                            0x080007fd   Thumb Code    20  GUI_Alloc.o(.text.GUI_ALLOC_h2p)
    GUI_CalcColorDist                        0x08000811   Thumb Code    78  GUI_Common.o(.text.GUI_CalcColorDist)
    GUI_Clear                                0x08000861   Thumb Code    32  GUI_Core.o(.text.GUI_Clear)
    GUI_ClearRect                            0x08000881   Thumb Code   100  GUI_Core.o(.text.GUI_ClearRect)
    GUI_DEVICE_Create                        0x080008e5   Thumb Code    76  GUI_Device.o(.text.GUI_DEVICE_Create)
    GUI_DEVICE_CreateAndLink                 0x08000931   Thumb Code    40  GUI_Device.o(.text.GUI_DEVICE_CreateAndLink)
    GUI_DEVICE_Delete                        0x08000959   Thumb Code     4  GUI_Device.o(.text.GUI_DEVICE_Delete)
    GUI_DEVICE_Link                          0x0800095d   Thumb Code   132  GUI_Device.o(.text.GUI_DEVICE_Link)
    GUI_DEVICE_Unlink                        0x080009e1   Thumb Code    48  GUI_Device.o(.text.GUI_DEVICE_Unlink)
    GUI_DEVICE__GetpDriver                   0x08000a11   Thumb Code    32  GUI_Device.o(.text.GUI_DEVICE__GetpDriver)
    GUI_DispString                           0x08000a31   Thumb Code   280  GUI_DispString.o(.text.GUI_DispString)
    GUI_DispStringAt                         0x08000b49   Thumb Code    16  GUI_DispString.o(.text.GUI_DispStringAt)
    GUI_GetBitsPerPixelEx                    0x08000b59   Thumb Code    20  LCD_GetEx.o(.text.GUI_GetBitsPerPixelEx)
    GUI_GetCharDistX                         0x08000b6d   Thumb Code    16  GUI_Char.o(.text.GUI_GetCharDistX)
    GUI_GetCharDistXEx                       0x08000b7d   Thumb Code    16  GUI_Char.o(.text.GUI_GetCharDistXEx)
    GUI_GetFontDistY                         0x08000b8d   Thumb Code    16  GUI_Char.o(.text.GUI_GetFontDistY)
    GUI_GetVersionString                     0x08000b9d   Thumb Code    24  GUI_Common.o(.text.GUI_GetVersionString)
    GUI_GetYAdjust                           0x08000bb5   Thumb Code    48  GUI_Char.o(.text.GUI_GetYAdjust)
    GUI_GetpfColor2IndexEx                   0x08000be5   Thumb Code    16  LCD_GetEx.o(.text.GUI_GetpfColor2IndexEx)
    GUI_GetpfIndex2ColorEx                   0x08000bf5   Thumb Code    16  LCD_GetEx.o(.text.GUI_GetpfIndex2ColorEx)
    GUI_GotoXY                               0x08000c05   Thumb Code    16  GUI_Common.o(.text.GUI_GotoXY)
    GUI_Init                                 0x08000c15   Thumb Code   248  GUI_Core.o(.text.GUI_Init)
    GUI_MEMDEV_Delete                        0x08000d0d   Thumb Code    68  GUIDEV.o(.text.GUI_MEMDEV_Delete)
    GUI_MEMDEV_GetBitsPerPixel               0x08000d51   Thumb Code    42  GUIDEV.o(.text.GUI_MEMDEV_GetBitsPerPixel)
    GUI_MEMDEV_GetDataPtr                    0x08000d7b   Thumb Code    32  GUIDEV_GetDataPtr.o(.text.GUI_MEMDEV_GetDataPtr)
    GUI_MEMDEV__WriteToActiveOpaque          0x08000d9d   Thumb Code  1866  GUIDEV_WriteToActiveOpaque.o(.text.GUI_MEMDEV__WriteToActiveOpaque)
    GUI_MergeRect                            0x080014e9   Thumb Code    86  GUI_Common.o(.text.GUI_MergeRect)
    GUI_MoveRect                             0x0800153f   Thumb Code    32  GUI_Common.o(.text.GUI_MoveRect)
    GUI_RectsIntersect                       0x0800155f   Thumb Code    58  GUI_Common.o(.text.GUI_RectsIntersect)
    GUI_SelectLCD                            0x08001599   Thumb Code    18  GUI_Common.o(.text.GUI_SelectLCD)
    GUI_SelectLayer                          0x080015ad   Thumb Code    44  GUI_SelectLayer.o(.text.GUI_SelectLayer)
    GUI_SetBkColor                           0x080015d9   Thumb Code     4  GUI_Common.o(.text.GUI_SetBkColor)
    GUI_SetDefaultFont                       0x080015dd   Thumb Code    12  GUI_Core.o(.text.GUI_SetDefaultFont)
    GUI_SetFont                              0x080015e9   Thumb Code    20  GUI_Common.o(.text.GUI_SetFont)
    GUI_SetOrg                               0x080015fd   Thumb Code    56  GUI_Common.o(.text.GUI_SetOrg)
    GUI_SignalEvent                          0x08001635   Thumb Code    16  GUI_WaitEvent.o(.text.GUI_SignalEvent)
    GUI_StoreKey                             0x08001645   Thumb Code    16  GUI_OnKey.o(.text.GUI_StoreKey)
    GUI_UC__GetCharCodeInc                   0x08001655   Thumb Code    40  GUI_UC.o(.text.GUI_UC__GetCharCodeInc)
    GUI_UC__NumChars2NumBytes                0x0800167d   Thumb Code    36  GUI_UC.o(.text.GUI_UC__NumChars2NumBytes)
    GUI_USAGE_AddRect                        0x080016a1   Thumb Code    38  GUIDEV_Usage.o(.text.GUI_USAGE_AddRect)
    GUI_USAGE_DecUseCnt                      0x080016c7   Thumb Code    40  GUIDEV_Usage.o(.text.GUI_USAGE_DecUseCnt)
    GUI__CompactPixelIndices                 0x080016ef   Thumb Code   366  GUI__CompactPixelIndices.o(.text.GUI__CompactPixelIndices)
    GUI__Config                              0x0800185d   Thumb Code   148  GUI_Core.o(.text.GUI__Config)
    GUI__DispLine                            0x080018f1   Thumb Code   168  GUI_CharLine.o(.text.GUI__DispLine)
    GUI__GetLineDistX                        0x08001999   Thumb Code    96  GUI_CharLine.o(.text.GUI__GetLineDistX)
    GUI__GetLineNumChars                     0x080019f9   Thumb Code    56  GUI_CharLine.o(.text.GUI__GetLineNumChars)
    GUI__GetOverlap                          0x08001a31   Thumb Code    28  GUI_CharLine.o(.text.GUI__GetOverlap)
    GUI__IntersectRect                       0x08001a4d   Thumb Code    58  GUI__Private.o(.text.GUI__IntersectRect)
    GUI__IntersectRects                      0x08001a87   Thumb Code    86  GUI__Private.o(.text.GUI__IntersectRects)
    GUI__ManageCache                         0x08001add   Thumb Code    16  GUI__ManageCache.o(.text.GUI__ManageCache)
    GUI__ManageCacheEx                       0x08001aed   Thumb Code   220  GUI__ManageCache.o(.text.GUI__ManageCacheEx)
    GUI__RegisterExit                        0x08001bc9   Thumb Code    36  GUI_Core.o(.text.GUI__RegisterExit)
    GUI__memset16                            0x08001bed   Thumb Code   100  GUI__Private.o(.text.GUI__memset16)
    LCD_Color2Index                          0x08001c51   Thumb Code    28  LCD.o(.text.LCD_Color2Index)
    LCD_DrawBitmap                           0x08001c6d   Thumb Code   548  LCD.o(.text.LCD_DrawBitmap)
    LCD_DrawHLine                            0x08001e91   Thumb Code    80  LCD.o(.text.LCD_DrawHLine)
    LCD_DrawPixel                            0x08001ee1   Thumb Code    96  LCD.o(.text.LCD_DrawPixel)
    LCD_FillRect                             0x08001f41   Thumb Code    88  LCD.o(.text.LCD_FillRect)
    LCD_GetBitsPerPixelEx                    0x08001f99   Thumb Code     6  LCD_GetEx.o(.text.LCD_GetBitsPerPixelEx)
    LCD_GetNumColors                         0x08001fa1   Thumb Code    16  LCD_GetEx.o(.text.LCD_GetNumColors)
    LCD_GetNumColorsEx                       0x08001fb1   Thumb Code     6  LCD_GetEx.o(.text.LCD_GetNumColorsEx)
    LCD_GetNumLayers                         0x08001fb7   Thumb Code    30  LCD_GetNumDisplays.o(.text.LCD_GetNumLayers)
    LCD_GetPalette                           0x08001fd5   Thumb Code    16  LCD_GetEx.o(.text.LCD_GetPalette)
    LCD_GetPaletteEx                         0x08001fe5   Thumb Code    22  LCD_GetEx.o(.text.LCD_GetPaletteEx)
    LCD_GetXSizeDisplay                      0x08001ffd   Thumb Code    12  LCD_GetEx.o(.text.LCD_GetXSizeDisplay)
    LCD_GetXSizeMax                          0x08002009   Thumb Code     6  LCD_GetEx.o(.text.LCD_GetXSizeMax)
    LCD_GetYSizeDisplay                      0x08002011   Thumb Code    12  LCD_GetEx.o(.text.LCD_GetYSizeDisplay)
    LCD_GetYSizeMax                          0x0800201d   Thumb Code     6  LCD_GetEx.o(.text.LCD_GetYSizeMax)
    LCD_GetpPalConvTableBM                   0x08002023   Thumb Code     4  LCD_Color.o(.text.LCD_GetpPalConvTableBM)
    LCD_GetpPalConvTableUncached             0x08002029   Thumb Code   108  LCD_Color.o(.text.LCD_GetpPalConvTableUncached)
    LCD_Index2Color                          0x08002095   Thumb Code    28  LCD.o(.text.LCD_Index2Color)
    LCD_Index2Color_565                      0x080020b1   Thumb Code    40  GUICC_565.o(.text.LCD_Index2Color_565)
    LCD_InitColors                           0x080020d9   Thumb Code    60  LCD_Color.o(.text.LCD_InitColors)
    LCD_InitLUT                              0x08002115   Thumb Code   136  LCD_Color.o(.text.LCD_InitLUT)
    LCD_SelectLCD                            0x0800219d   Thumb Code    64  LCD_SelectLCD.o(.text.LCD_SelectLCD)
    LCD_SetBkColor                           0x080021dd   Thumb Code    12  LCD.o(.text.LCD_SetBkColor)
    LCD_SetBkColorIndex                      0x080021e9   Thumb Code    24  LCD.o(.text.LCD_SetBkColorIndex)
    LCD_SetClipRectEx                        0x08002201   Thumb Code    48  LCD_SetClipRectEx.o(.text.LCD_SetClipRectEx)
    LCD_SetClipRectMax                       0x08002231   Thumb Code    28  LCD.o(.text.LCD_SetClipRectMax)
    LCD_SetColor                             0x0800224d   Thumb Code    12  LCD.o(.text.LCD_SetColor)
    LCD_SetColorIndex                        0x08002259   Thumb Code    24  LCD.o(.text.LCD_SetColorIndex)
    LCD_SetDisplaySize                       0x08002271   Thumb Code    12  LCD_GetEx.o(.text.LCD_SetDisplaySize)
    LCD_SetDrawMode                          0x0800227d   Thumb Code    12  LCD.o(.text.LCD_SetDrawMode)
    LCD_SetLUTEntryEx                        0x08002289   Thumb Code    48  LCD_Set.o(.text.LCD_SetLUTEntryEx)
    LCD_SetSizeEx                            0x080022b9   Thumb Code    48  LCD_Set.o(.text.LCD_SetSizeEx)
    LCD_SetVSizeEx                           0x080022e9   Thumb Code    48  LCD_Set.o(.text.LCD_SetVSizeEx)
    LCD_UpdateColorIndices                   0x08002319   Thumb Code    36  LCD_UpdateColorIndices.o(.text.LCD_UpdateColorIndices)
    LCD__DrawBitmap_1bpp                     0x0800233d   Thumb Code   472  LCD.o(.text.LCD__DrawBitmap_1bpp)
    LCD__GetBPP                              0x08002515   Thumb Code   126  LCD_GetEx.o(.text.LCD__GetBPP)
    LCD__GetBPPDevice                        0x08002593   Thumb Code    44  LCD_GetEx.o(.text.LCD__GetBPPDevice)
    WM_Activate                              0x080025c1   Thumb Code    16  WM.o(.text.WM_Activate)
    WM_BringToBottom                         0x080025d1   Thumb Code   134  WM_Lib.o(.text.WM_BringToBottom)
    WM_CreateWindowAsChild                   0x08002659   Thumb Code   352  WM.o(.text.WM_CreateWindowAsChild)
    WM_DefaultProc                           0x080027b9   Thumb Code    72  WM.o(.text.WM_DefaultProc)
    WM_GetDesktopWindow                      0x08002801   Thumb Code    24  WM_Lib.o(.text.WM_GetDesktopWindow)
    WM_GetFirstChild                         0x08002819   Thumb Code    16  WM_Lib.o(.text.WM_GetFirstChild)
    WM_GetParent                             0x08002829   Thumb Code    16  WM_Lib.o(.text.WM_GetParent)
    WM_Init                                  0x08002839   Thumb Code   240  WM.o(.text.WM_Init)
    WM_InvalidateRect                        0x08002929   Thumb Code   120  WM.o(.text.WM_InvalidateRect)
    WM_InvalidateWindow                      0x080029a1   Thumb Code     6  WM.o(.text.WM_InvalidateWindow)
    WM_InvalidateWindowAndDescsEx            0x080029a7   Thumb Code   100  WM.o(.text.WM_InvalidateWindowAndDescsEx)
    WM_SelectWindow                          0x08002a0d   Thumb Code    64  WM.o(.text.WM_SelectWindow)
    WM_SendToParent                          0x08002a4d   Thumb Code    28  WM_Lib.o(.text.WM_SendToParent)
    WM__ActivateClipRect                     0x08002a69   Thumb Code    72  WM.o(.text.WM__ActivateClipRect)
    WM__AddCriticalHandle                    0x08002ab1   Thumb Code    16  WM__Private.o(.text.WM__AddCriticalHandle)
    WM__Client2Screen                        0x08002ac1   Thumb Code    16  WM.o(.text.WM__Client2Screen)
    WM__ClipAtParentBorders                  0x08002ad1   Thumb Code    88  WM.o(.text.WM__ClipAtParentBorders)
    WM__GetClientRectEx                      0x08002b29   Thumb Code    34  WM__Private.o(.text.WM__GetClientRectEx)
    WM__GetClientRectWin                     0x08002b4b   Thumb Code    24  WM.o(.text.WM__GetClientRectWin)
    WM__GetFirstSibling                      0x08002b63   Thumb Code    18  WM__Private.o(.text.WM__GetFirstSibling)
    WM__GetNextIVR                           0x08002b75   Thumb Code   388  WM.o(.text.WM__GetNextIVR)
    WM__GetPrevSibling                       0x08002cf9   Thumb Code    38  WM__Private.o(.text.WM__GetPrevSibling)
    WM__GetTopLevelLayer                     0x08002d21   Thumb Code    40  WM.o(.text.WM__GetTopLevelLayer)
    WM__InitIVRSearch                        0x08002d49   Thumb Code   256  WM.o(.text.WM__InitIVRSearch)
    WM__InsertWindowIntoList                 0x08002e49   Thumb Code   172  WM.o(.text.WM__InsertWindowIntoList)
    WM__Invalidate1Abs                       0x08002ef5   Thumb Code     6  WM.o(.text.WM__Invalidate1Abs)
    WM__InvalidateDrawAndDescs               0x08002efd   Thumb Code    80  WM.o(.text.WM__InvalidateDrawAndDescs)
    WM__InvalidateRect                       0x08002f4d   Thumb Code   118  WM.o(.text.WM__InvalidateRect)
    WM__InvalidateRectEx                     0x08002fc3   Thumb Code     6  WM.o(.text.WM__InvalidateRectEx)
    WM__RectIsNZ                             0x08002fc9   Thumb Code    34  WM.o(.text.WM__RectIsNZ)
    WM__SelectTopLevelLayer                  0x08002feb   Thumb Code    20  WM.o(.text.WM__SelectTopLevelLayer)
    WM__SendMessage                          0x08003001   Thumb Code    60  WM__Private.o(.text.WM__SendMessage)
    WM__SendMsgNoData                        0x0800303d   Thumb Code    22  WM.o(.text.WM__SendMsgNoData)
    emWin_LCD_Init                           0x080053b5   Thumb Code   164  LCD.o(.text.emWin_LCD_Init)
    BusFault_Handler                         0x08005459   Thumb Code     2  stm32f1xx_it.o(i.BusFault_Handler)
    DebugMon_Handler                         0x0800545b   Thumb Code     2  stm32f1xx_it.o(i.DebugMon_Handler)
    Error_Handler                            0x0800545d   Thumb Code     2  main.o(i.Error_Handler)
    FSMC_NORSRAM_Extended_Timing_Init        0x08005461   Thumb Code    56  stm32f1xx_ll_fsmc.o(i.FSMC_NORSRAM_Extended_Timing_Init)
    FSMC_NORSRAM_Init                        0x0800549d   Thumb Code    98  stm32f1xx_ll_fsmc.o(i.FSMC_NORSRAM_Init)
    FSMC_NORSRAM_Timing_Init                 0x08005505   Thumb Code    64  stm32f1xx_ll_fsmc.o(i.FSMC_NORSRAM_Timing_Init)
    GUI_X_Config                             0x08005549   Thumb Code    22  guiconf.o(i.GUI_X_Config)
    GUI_X_Init                               0x08005569   Thumb Code     2  gui_x.o(i.GUI_X_Init)
    HAL_CRC_Init                             0x0800556b   Thumb Code    34  stm32f1xx_hal_crc.o(i.HAL_CRC_Init)
    HAL_CRC_MspInit                          0x0800558d   Thumb Code    30  crc.o(i.HAL_CRC_MspInit)
    HAL_Delay                                0x080055b5   Thumb Code    32  stm32f1xx_hal.o(i.HAL_Delay)
    HAL_GPIO_Init                            0x08005641   Thumb Code   462  stm32f1xx_hal_gpio.o(i.HAL_GPIO_Init)
    HAL_GPIO_WritePin                        0x08005839   Thumb Code    10  stm32f1xx_hal_gpio.o(i.HAL_GPIO_WritePin)
    HAL_GetTick                              0x08005845   Thumb Code     6  stm32f1xx_hal.o(i.HAL_GetTick)
    HAL_IncTick                              0x08005851   Thumb Code    12  stm32f1xx_hal.o(i.HAL_IncTick)
    HAL_Init                                 0x08005861   Thumb Code    32  stm32f1xx_hal.o(i.HAL_Init)
    HAL_InitTick                             0x08005885   Thumb Code    54  stm32f1xx_hal.o(i.HAL_InitTick)
    HAL_MspInit                              0x080058c5   Thumb Code    52  stm32f1xx_hal_msp.o(i.HAL_MspInit)
    HAL_NVIC_SetPriority                     0x08005901   Thumb Code    60  stm32f1xx_hal_cortex.o(i.HAL_NVIC_SetPriority)
    HAL_NVIC_SetPriorityGrouping             0x08005941   Thumb Code    26  stm32f1xx_hal_cortex.o(i.HAL_NVIC_SetPriorityGrouping)
    HAL_RCC_ClockConfig                      0x08005965   Thumb Code   280  stm32f1xx_hal_rcc.o(i.HAL_RCC_ClockConfig)
    HAL_RCC_GetSysClockFreq                  0x08005a91   Thumb Code    74  stm32f1xx_hal_rcc.o(i.HAL_RCC_GetSysClockFreq)
    HAL_RCC_OscConfig                        0x08005afd   Thumb Code   778  stm32f1xx_hal_rcc.o(i.HAL_RCC_OscConfig)
    HAL_SRAM_Init                            0x08005e1d   Thumb Code    92  stm32f1xx_hal_sram.o(i.HAL_SRAM_Init)
    HAL_SRAM_MspInit                         0x08005e79   Thumb Code     4  fsmc.o(i.HAL_SRAM_MspInit)
    HAL_SYSTICK_Config                       0x08005e7d   Thumb Code    40  stm32f1xx_hal_cortex.o(i.HAL_SYSTICK_Config)
    HardFault_Handler                        0x08005ea5   Thumb Code     2  stm32f1xx_it.o(i.HardFault_Handler)
    LCD_IO_WriteData                         0x08005ea9   Thumb Code     6  bsp_lcd.o(i.LCD_IO_WriteData)
    LCD_IO_WriteReg                          0x08005eb5   Thumb Code     8  bsp_lcd.o(i.LCD_IO_WriteReg)
    LCD_X_Config                             0x08005ebd   Thumb Code    98  lcdconf_flexcolor_template.o(i.LCD_X_Config)
    LCD_X_DisplayDriver                      0x08005f41   Thumb Code    20  lcdconf_flexcolor_template.o(i.LCD_X_DisplayDriver)
    MX_CRC_Init                              0x08005f89   Thumb Code    28  crc.o(i.MX_CRC_Init)
    MX_FSMC_Init                             0x08005fad   Thumb Code   108  fsmc.o(i.MX_FSMC_Init)
    MX_GPIO_Init                             0x08006025   Thumb Code   158  gpio.o(i.MX_GPIO_Init)
    MemManage_Handler                        0x080060d1   Thumb Code     2  stm32f1xx_it.o(i.MemManage_Handler)
    NMI_Handler                              0x080060d3   Thumb Code     2  stm32f1xx_it.o(i.NMI_Handler)
    PendSV_Handler                           0x080060d5   Thumb Code     2  stm32f1xx_it.o(i.PendSV_Handler)
    SVC_Handler                              0x080060d7   Thumb Code     2  stm32f1xx_it.o(i.SVC_Handler)
    SysTick_Handler                          0x080060d9   Thumb Code    12  stm32f1xx_it.o(i.SysTick_Handler)
    SystemClock_Config                       0x080060e9   Thumb Code    78  main.o(i.SystemClock_Config)
    SystemInit                               0x08006139   Thumb Code    56  system_stm32f1xx.o(i.SystemInit)
    UsageFault_Handler                       0x08006181   Thumb Code     2  stm32f1xx_it.o(i.UsageFault_Handler)
    __scatterload_copy                       0x080061a3   Thumb Code    14  handlers.o(i.__scatterload_copy)
    __scatterload_null                       0x080061b1   Thumb Code     2  handlers.o(i.__scatterload_null)
    __scatterload_zeroinit                   0x080061b3   Thumb Code    14  handlers.o(i.__scatterload_zeroinit)
    ili9341_Init                             0x080061c1   Thumb Code   542  ili9341.o(i.ili9341_Init)
    main                                     0x080063e9   Thumb Code    60  main.o(i.main)
    AHBPrescTable                            0x08006448   Data          16  system_stm32f1xx.o(.constdata)
    LCD_API_ColorConv_565                    0x08006458   Data          24  GUICC_565.o(.rodata)
    GUIDRV_FlexColor_API                     0x080064c8   Data          52  GUIDRV_FlexColor.o(.rodata)
    GUI_Font6x9                              0x08006504   Data          36  F6x8.o(.rodata)
    GUI_Font6x8                              0x08006528   Data          36  F6x8.o(.rodata)
    GUI_Font8x16x3x3                         0x08006c40   Data          36  F8x16.o(.rodata)
    GUI_Font8x16x2x2                         0x08006c64   Data          36  F8x16.o(.rodata)
    GUI_Font8x16x1x2                         0x08006c88   Data          36  F8x16.o(.rodata)
    GUI_Font8x18                             0x08006cd4   Data          36  F8x16.o(.rodata)
    GUI_Font8x17                             0x08006cf8   Data          36  F8x16.o(.rodata)
    GUI_Font8x16                             0x08006d1c   Data          36  F8x16.o(.rodata)
    GUI_UC_None                              0x0800794c   Data          16  GUI_UC_EncodeNone.o(.rodata)
    GUI__aConvert_255_63                     0x0800795c   Data         256  GUI__DivTbl.o(.rodata)
    GUI__aConvert_255_31                     0x08007a5c   Data         256  GUI__DivTbl.o(.rodata)
    GUI__aConvert_255_15                     0x08007b5c   Data         256  GUI__DivTbl.o(.rodata)
    GUI__aConvert_63_255                     0x08007c5c   Data          64  GUI__DivTbl.o(.rodata)
    GUI__aConvert_31_255                     0x08007c9c   Data          32  GUI__DivTbl.o(.rodata)
    GUI__aConvert_15_255                     0x08007cbc   Data          16  GUI__DivTbl.o(.rodata)
    GUI_MEMDEV_DEVICE_16                     0x08007cd8   Data          52  GUIDEV_16.o(.rodata)
    LCD_API_ColorConv_0                      0x08007d4c   Data          24  GUICC_0.o(.rodata)
    LCD_aMirror                              0x08007d64   Data         256  LCD_Mirror.o(.rodata)
    Region$$Table$$Base                      0x08007e64   Number         0  anon$$obj.o(Region$$Table)
    Region$$Table$$Limit                     0x08007e84   Number         0  anon$$obj.o(Region$$Table)
    OS_TimeMS                                0x20000000   Data           4  gui_x.o(.data)
    hcrc                                     0x20000004   Data           8  crc.o(.data)
    uwTickFreq                               0x20000014   Data           1  stm32f1xx_hal.o(.data)
    uwTickPrio                               0x20000018   Data           4  stm32f1xx_hal.o(.data)
    uwTick                                   0x2000001c   Data           4  stm32f1xx_hal.o(.data)
    SystemCoreClock                          0x20000020   Data           4  system_stm32f1xx.o(.data)
    GUI_pfGetpPalConvTable                   0x2000002c   Data           4  GUI_Core.o(.data)
    GUI__pFontDefault                        0x20000030   Data           4  GUI_Core.o(.data)
    GUI__ColorDefault                        0x20000034   Data           4  GUI_Core.o(.data)
    GUI_pContext                             0x20000038   Data           4  GUI_Core.o(.data)
    GUI_CharLine_pfLog2Vis                   0x20000044   Data           4  GUI_CharLine.o(.data)
    GUI__pfMemcpy                            0x20000048   Data           4  GUI__Private.o(.data)
    GUI__pfMemset                            0x2000004c   Data           4  GUI__Private.o(.data)
    LCD__pSetColorAPI                        0x20000050   Data           4  LCD.o(.data)
    hsram1                                   0x20002858   Data          72  fsmc.o(.bss)
    GUI__BkColorDefault                      0x200028b4   Data           4  GUI_Core.o(.bss)
    GUI_ALLOC__Context                       0x20002a3c   Data         192  anon$$obj.o(GUI_ALLOC__Context)
    GUI_DCACHE__pfClearCacheHook             0x20002afc   Data           4  anon$$obj.o(GUI_DCACHE__pfClearCacheHook)
    GUI_DecChar                              0x20002b00   Data           1  anon$$obj.o(GUI_DecChar)
    GUI_OrgX                                 0x20002b02   Data           2  anon$$obj.o(GUI_OrgX)
    GUI_OrgY                                 0x20002b04   Data           2  anon$$obj.o(GUI_OrgY)
    GUI__IsInitialized                       0x20002b06   Data           1  anon$$obj.o(GUI__IsInitialized)
    GUI__NumLayersInUse                      0x20002b07   Data           1  anon$$obj.o(GUI__NumLayersInUse)
    GUI__PreserveTrans                       0x20002b08   Data           1  anon$$obj.o(GUI__PreserveTrans)
    GUI__apDevice                            0x20002b0c   Data           8  anon$$obj.o(GUI__apDevice)
    GUI_pLCD_APIList                         0x20002b14   Data           4  anon$$obj.o(GUI_pLCD_APIList)
    GUI_pUC_API                              0x20002b18   Data           4  anon$$obj.o(GUI_pUC_API)
    GUI_pfDispCharLine                       0x20002b1c   Data           4  anon$$obj.o(GUI_pfDispCharLine)
    GUI_pfDispCharStyle                      0x20002b20   Data           4  anon$$obj.o(GUI_pfDispCharStyle)
    LCD__aConvTable                          0x20002b24   Data           4  anon$$obj.o(LCD__aConvTable)
    WM_MULTIBUF__pAPI                        0x20002f28   Data           4  anon$$obj.o(WM_MULTIBUF__pAPI)
    __initial_sp                             0x20002f28   Data           0  startup_stm32f103xe.o(STACK)
    WM__CreateFlags                          0x20002f2c   Data           4  anon$$obj.o(WM__CreateFlags)
    WM__FirstWin                             0x20002f30   Data           4  anon$$obj.o(WM__FirstWin)
    WM__InvalidLayerMask                     0x20002f34   Data           4  anon$$obj.o(WM__InvalidLayerMask)
    WM__NumInvalidWindows                    0x20002f38   Data           2  anon$$obj.o(WM__NumInvalidWindows)
    WM__NumWindows                           0x20002f3a   Data           2  anon$$obj.o(WM__NumWindows)
    WM__PaintCallbackCnt                     0x20002f3c   Data           1  anon$$obj.o(WM__PaintCallbackCnt)
    WM__TouchedLayer                         0x20002f40   Data           4  anon$$obj.o(WM__TouchedLayer)
    WM__TransWindowCnt                       0x20002f44   Data           4  anon$$obj.o(WM__TransWindowCnt)
    WM__aBkColor                             0x20002f48   Data           8  anon$$obj.o(WM__aBkColor)
    WM__aCHWinLast                           0x20002f50   Data          16  anon$$obj.o(WM__aCHWinLast)
    WM__aCHWinModal                          0x20002f60   Data          16  anon$$obj.o(WM__aCHWinModal)
    WM__aCHWinMouseOver                      0x20002f70   Data          16  anon$$obj.o(WM__aCHWinMouseOver)
    WM__ahCapture                            0x20002f80   Data           8  anon$$obj.o(WM__ahCapture)
    WM__ahDesktopWin                         0x20002f88   Data           8  anon$$obj.o(WM__ahDesktopWin)
    WM__ahWinFocus                           0x20002f90   Data           8  anon$$obj.o(WM__ahWinFocus)
    WM__hATransWindow                        0x20002f98   Data           4  anon$$obj.o(WM__hATransWindow)
    WM__hCreateStatic                        0x20002f9c   Data           4  anon$$obj.o(WM__hCreateStatic)
    WM__pExecGestures                        0x20002fa0   Data           4  anon$$obj.o(WM__pExecGestures)
    WM__pFirstCriticalHandle                 0x20002fa4   Data           4  anon$$obj.o(WM__pFirstCriticalHandle)



==============================================================================

Memory Map of the image

  Image Entry point : 0x08000131

  Load Region LR_IROM1 (Base: 0x08000000, Size: 0x00007edc, Max: 0x00080000, ABSOLUTE)

    Execution Region ER_IROM1 (Exec base: 0x08000000, Load base: 0x08000000, Size: 0x00007e84, Max: 0x00080000, ABSOLUTE)

    Exec Addr    Load Addr    Size         Type   Attr      Idx    E Section Name        Object

    0x08000000   0x08000000   0x00000130   Data   RO            3    RESET               startup_stm32f103xe.o
    0x08000130   0x08000130   0x00000000   Code   RO         3240  * .ARM.Collect$$$$00000000  mc_w.l(entry.o)
    0x08000130   0x08000130   0x00000004   Code   RO         3265    .ARM.Collect$$$$00000001  mc_w.l(entry2.o)
    0x08000134   0x08000134   0x00000004   Code   RO         3268    .ARM.Collect$$$$00000004  mc_w.l(entry5.o)
    0x08000138   0x08000138   0x00000000   Code   RO         3270    .ARM.Collect$$$$00000008  mc_w.l(entry7b.o)
    0x08000138   0x08000138   0x00000000   Code   RO         3272    .ARM.Collect$$$$0000000A  mc_w.l(entry8b.o)
    0x08000138   0x08000138   0x00000008   Code   RO         3273    .ARM.Collect$$$$0000000B  mc_w.l(entry9a.o)
    0x08000140   0x08000140   0x00000000   Code   RO         3275    .ARM.Collect$$$$0000000D  mc_w.l(entry10a.o)
    0x08000140   0x08000140   0x00000000   Code   RO         3277    .ARM.Collect$$$$0000000F  mc_w.l(entry11a.o)
    0x08000140   0x08000140   0x00000004   Code   RO         3266    .ARM.Collect$$$$00002712  mc_w.l(entry2.o)
    0x08000144   0x08000144   0x00000024   Code   RO            4    .text               startup_stm32f103xe.o
    0x08000168   0x08000168   0x00000042   Code   RO         3247    .text               mc_w.l(memmove.o)
    0x080001aa   0x080001aa   0x00000024   Code   RO         3251    .text               mc_w.l(memseta.o)
    0x080001ce   0x080001ce   0x00000002   PAD
    0x080001d0   0x080001d0   0x00000024   Code   RO         3282    .text               mc_w.l(init.o)
    0x080001f4   0x080001f4   0x0000003c   Code   RO         2352    .text.GUIDRV_FlexColor_Config  STemWin_CM3_wc16.a(GUIDRV_FlexColor.o)
    0x08000230   0x08000230   0x00000032   Code   RO         2353    .text.GUIDRV_FlexColor_SetFunc  STemWin_CM3_wc16.a(GUIDRV_FlexColor.o)
    0x08000262   0x08000262   0x00000002   PAD
    0x08000264   0x08000264   0x0000006c   Code   RO         2384    .text.GUIDRV_FlexColor_SetFunc66709  STemWin_CM3_wc16.a(GUIDRV_FlexColor_Func66709.o)
    0x080002d0   0x080002d0   0x00000068   Code   RO         2364    .text.GUIDRV_FlexColor_SetMode16bppC0B8  STemWin_CM3_wc16.a(GUIDRV_FlexColor_16bpp_C0B8.o)
    0x08000338   0x08000338   0x000000b2   Code   RO         2344    .text.GUIDRV_FlexColor__GetPixelIndexNoCache  STemWin_CM3_wc16.a(GUIDRV_FlexColor.o)
    0x080003ea   0x080003ea   0x00000002   PAD
    0x080003ec   0x080003ec   0x0000003c   Code   RO         2345    .text.GUIDRV_FlexColor__InitOnce  STemWin_CM3_wc16.a(GUIDRV_FlexColor.o)
    0x08000428   0x08000428   0x00000048   Code   RO         2319    .text.GUIDRV_FlexColor__SetLog2Phys  STemWin_CM3_wc16.a(GUIDRV_FlexColor.o)
    0x08000470   0x08000470   0x00000088   Code   RO         2343    .text.GUIDRV_FlexColor__SetPixelIndexNoCache  STemWin_CM3_wc16.a(GUIDRV_FlexColor.o)
    0x080004f8   0x080004f8   0x0000013c   Code   RO         2416    .text.GUIMONO_DispChar  STemWin_CM3_wc16.a(GUI_CharM.o)
    0x08000634   0x08000634   0x00000018   Code   RO         2417    .text.GUIMONO_GetCharDistX  STemWin_CM3_wc16.a(GUI_CharM.o)
    0x0800064c   0x0800064c   0x00000006   Code   RO         2418    .text.GUIMONO_GetFontInfo  STemWin_CM3_wc16.a(GUI_CharM.o)
    0x08000652   0x08000652   0x00000036   Code   RO         2419    .text.GUIMONO_IsInFont  STemWin_CM3_wc16.a(GUI_CharM.o)
    0x08000688   0x08000688   0x00000008   Code   RO         2106    .text.GUI_ALLOC_AllocNoInit  STemWin_CM3_wc16.a(GUI_Alloc.o)
    0x08000690   0x08000690   0x00000030   Code   RO         2111    .text.GUI_ALLOC_AllocZero  STemWin_CM3_wc16.a(GUI_Alloc.o)
    0x080006c0   0x080006c0   0x00000010   Code   RO         2096    .text.GUI_ALLOC_AssignMemory  STemWin_CM3_wc16.a(GUI_Alloc.o)
    0x080006d0   0x080006d0   0x00000028   Code   RO         2099    .text.GUI_ALLOC_Free  STemWin_CM3_wc16.a(GUI_Alloc.o)
    0x080006f8   0x080006f8   0x00000014   Code   RO         2083    .text.GUI_ALLOC_FreeFixedBlock  STemWin_CM3_wc16.a(GUI_Alloc.o)
    0x0800070c   0x0800070c   0x000000a4   Code   RO         2102    .text.GUI_ALLOC_GetFixedBlock  STemWin_CM3_wc16.a(GUI_Alloc.o)
    0x080007b0   0x080007b0   0x0000001c   Code   RO         2085    .text.GUI_ALLOC_LockH  STemWin_CM3_wc16.a(GUI_Alloc.o)
    0x080007cc   0x080007cc   0x00000030   Code   RO         2086    .text.GUI_ALLOC_UnlockH  STemWin_CM3_wc16.a(GUI_Alloc.o)
    0x080007fc   0x080007fc   0x00000014   Code   RO         2084    .text.GUI_ALLOC_h2p  STemWin_CM3_wc16.a(GUI_Alloc.o)
    0x08000810   0x08000810   0x0000004e   Code   RO         2127    .text.GUI_CalcColorDist  STemWin_CM3_wc16.a(GUI_Common.o)
    0x0800085e   0x0800085e   0x00000002   PAD
    0x08000860   0x08000860   0x00000020   Code   RO         2217    .text.GUI_Clear     STemWin_CM3_wc16.a(GUI_Core.o)
    0x08000880   0x08000880   0x00000064   Code   RO         2215    .text.GUI_ClearRect  STemWin_CM3_wc16.a(GUI_Core.o)
    0x080008e4   0x080008e4   0x0000004c   Code   RO         2238    .text.GUI_DEVICE_Create  STemWin_CM3_wc16.a(GUI_Device.o)
    0x08000930   0x08000930   0x00000028   Code   RO         2241    .text.GUI_DEVICE_CreateAndLink  STemWin_CM3_wc16.a(GUI_Device.o)
    0x08000958   0x08000958   0x00000004   Code   RO         2237    .text.GUI_DEVICE_Delete  STemWin_CM3_wc16.a(GUI_Device.o)
    0x0800095c   0x0800095c   0x00000084   Code   RO         2240    .text.GUI_DEVICE_Link  STemWin_CM3_wc16.a(GUI_Device.o)
    0x080009e0   0x080009e0   0x00000030   Code   RO         2239    .text.GUI_DEVICE_Unlink  STemWin_CM3_wc16.a(GUI_Device.o)
    0x08000a10   0x08000a10   0x00000020   Code   RO         2236    .text.GUI_DEVICE__GetpDriver  STemWin_CM3_wc16.a(GUI_Device.o)
    0x08000a30   0x08000a30   0x00000118   Code   RO         2247    .text.GUI_DispString  STemWin_CM3_wc16.a(GUI_DispString.o)
    0x08000b48   0x08000b48   0x00000010   Code   RO         2248    .text.GUI_DispStringAt  STemWin_CM3_wc16.a(GUI_DispString.o)
    0x08000b58   0x08000b58   0x00000014   Code   RO         2585    .text.GUI_GetBitsPerPixelEx  STemWin_CM3_wc16.a(LCD_GetEx.o)
    0x08000b6c   0x08000b6c   0x00000010   Code   RO         2402    .text.GUI_GetCharDistX  STemWin_CM3_wc16.a(GUI_Char.o)
    0x08000b7c   0x08000b7c   0x00000010   Code   RO         2403    .text.GUI_GetCharDistXEx  STemWin_CM3_wc16.a(GUI_Char.o)
    0x08000b8c   0x08000b8c   0x00000010   Code   RO         2399    .text.GUI_GetFontDistY  STemWin_CM3_wc16.a(GUI_Char.o)
    0x08000b9c   0x08000b9c   0x00000018   Code   RO         2154    .text.GUI_GetVersionString  STemWin_CM3_wc16.a(GUI_Common.o)
    0x08000bb4   0x08000bb4   0x00000030   Code   RO         2398    .text.GUI_GetYAdjust  STemWin_CM3_wc16.a(GUI_Char.o)
    0x08000be4   0x08000be4   0x00000010   Code   RO         2592    .text.GUI_GetpfColor2IndexEx  STemWin_CM3_wc16.a(LCD_GetEx.o)
    0x08000bf4   0x08000bf4   0x00000010   Code   RO         2590    .text.GUI_GetpfIndex2ColorEx  STemWin_CM3_wc16.a(LCD_GetEx.o)
    0x08000c04   0x08000c04   0x00000010   Code   RO         2167    .text.GUI_GotoXY    STemWin_CM3_wc16.a(GUI_Common.o)
    0x08000c14   0x08000c14   0x000000f8   Code   RO         2219    .text.GUI_Init      STemWin_CM3_wc16.a(GUI_Core.o)
    0x08000d0c   0x08000d0c   0x00000044   Code   RO         2895    .text.GUI_MEMDEV_Delete  STemWin_CM3_wc16.a(GUIDEV.o)
    0x08000d50   0x08000d50   0x0000002a   Code   RO         2894    .text.GUI_MEMDEV_GetBitsPerPixel  STemWin_CM3_wc16.a(GUIDEV.o)
    0x08000d7a   0x08000d7a   0x00000020   Code   RO         3114    .text.GUI_MEMDEV_GetDataPtr  STemWin_CM3_wc16.a(GUIDEV_GetDataPtr.o)
    0x08000d9a   0x08000d9a   0x00000002   PAD
    0x08000d9c   0x08000d9c   0x0000074c   Code   RO         2930    .text.GUI_MEMDEV__WriteToActiveOpaque  STemWin_CM3_wc16.a(GUIDEV_WriteToActiveOpaque.o)
    0x080014e8   0x080014e8   0x00000056   Code   RO         2158    .text.GUI_MergeRect  STemWin_CM3_wc16.a(GUI_Common.o)
    0x0800153e   0x0800153e   0x00000020   Code   RO         2159    .text.GUI_MoveRect  STemWin_CM3_wc16.a(GUI_Common.o)
    0x0800155e   0x0800155e   0x0000003a   Code   RO         2175    .text.GUI_RectsIntersect  STemWin_CM3_wc16.a(GUI_Common.o)
    0x08001598   0x08001598   0x00000012   Code   RO         2182    .text.GUI_SelectLCD  STemWin_CM3_wc16.a(GUI_Common.o)
    0x080015aa   0x080015aa   0x00000002   PAD
    0x080015ac   0x080015ac   0x0000002c   Code   RO         2811    .text.GUI_SelectLayer  STemWin_CM3_wc16.a(GUI_SelectLayer.o)
    0x080015d8   0x080015d8   0x00000004   Code   RO         2184    .text.GUI_SetBkColor  STemWin_CM3_wc16.a(GUI_Common.o)
    0x080015dc   0x080015dc   0x0000000c   Code   RO         2211    .text.GUI_SetDefaultFont  STemWin_CM3_wc16.a(GUI_Core.o)
    0x080015e8   0x080015e8   0x00000014   Code   RO         2191    .text.GUI_SetFont   STemWin_CM3_wc16.a(GUI_Common.o)
    0x080015fc   0x080015fc   0x00000038   Code   RO         2194    .text.GUI_SetOrg    STemWin_CM3_wc16.a(GUI_Common.o)
    0x08001634   0x08001634   0x00000010   Code   RO         2470    .text.GUI_SignalEvent  STemWin_CM3_wc16.a(GUI_WaitEvent.o)
    0x08001644   0x08001644   0x00000010   Code   RO         2436    .text.GUI_StoreKey  STemWin_CM3_wc16.a(GUI_OnKey.o)
    0x08001654   0x08001654   0x00000028   Code   RO         2450    .text.GUI_UC__GetCharCodeInc  STemWin_CM3_wc16.a(GUI_UC.o)
    0x0800167c   0x0800167c   0x00000024   Code   RO         2451    .text.GUI_UC__NumChars2NumBytes  STemWin_CM3_wc16.a(GUI_UC.o)
    0x080016a0   0x080016a0   0x00000026   Code   RO         2924    .text.GUI_USAGE_AddRect  STemWin_CM3_wc16.a(GUIDEV_Usage.o)
    0x080016c6   0x080016c6   0x00000028   Code   RO         2923    .text.GUI_USAGE_DecUseCnt  STemWin_CM3_wc16.a(GUIDEV_Usage.o)
    0x080016ee   0x080016ee   0x0000016e   Code   RO         3069    .text.GUI__CompactPixelIndices  STemWin_CM3_wc16.a(GUI__CompactPixelIndices.o)
    0x0800185c   0x0800185c   0x00000094   Code   RO         2218    .text.GUI__Config   STemWin_CM3_wc16.a(GUI_Core.o)
    0x080018f0   0x080018f0   0x000000a8   Code   RO         2412    .text.GUI__DispLine  STemWin_CM3_wc16.a(GUI_CharLine.o)
    0x08001998   0x08001998   0x00000060   Code   RO         2411    .text.GUI__GetLineDistX  STemWin_CM3_wc16.a(GUI_CharLine.o)
    0x080019f8   0x080019f8   0x00000038   Code   RO         2409    .text.GUI__GetLineNumChars  STemWin_CM3_wc16.a(GUI_CharLine.o)
    0x08001a30   0x08001a30   0x0000001c   Code   RO         2410    .text.GUI__GetOverlap  STemWin_CM3_wc16.a(GUI_CharLine.o)
    0x08001a4c   0x08001a4c   0x0000003a   Code   RO         2484    .text.GUI__IntersectRect  STemWin_CM3_wc16.a(GUI__Private.o)
    0x08001a86   0x08001a86   0x00000056   Code   RO         2485    .text.GUI__IntersectRects  STemWin_CM3_wc16.a(GUI__Private.o)
    0x08001adc   0x08001adc   0x00000010   Code   RO         2855    .text.GUI__ManageCache  STemWin_CM3_wc16.a(GUI__ManageCache.o)
    0x08001aec   0x08001aec   0x000000dc   Code   RO         2854    .text.GUI__ManageCacheEx  STemWin_CM3_wc16.a(GUI__ManageCache.o)
    0x08001bc8   0x08001bc8   0x00000024   Code   RO         2221    .text.GUI__RegisterExit  STemWin_CM3_wc16.a(GUI_Core.o)
    0x08001bec   0x08001bec   0x00000064   Code   RO         2488    .text.GUI__memset16  STemWin_CM3_wc16.a(GUI__Private.o)
    0x08001c50   0x08001c50   0x0000001c   Code   RO         2531    .text.LCD_Color2Index  STemWin_CM3_wc16.a(LCD.o)
    0x08001c6c   0x08001c6c   0x00000224   Code   RO         2528    .text.LCD_DrawBitmap  STemWin_CM3_wc16.a(LCD.o)
    0x08001e90   0x08001e90   0x00000050   Code   RO         2524    .text.LCD_DrawHLine  STemWin_CM3_wc16.a(LCD.o)
    0x08001ee0   0x08001ee0   0x00000060   Code   RO         2523    .text.LCD_DrawPixel  STemWin_CM3_wc16.a(LCD.o)
    0x08001f40   0x08001f40   0x00000058   Code   RO         2526    .text.LCD_FillRect  STemWin_CM3_wc16.a(LCD.o)
    0x08001f98   0x08001f98   0x00000006   Code   RO         2567    .text.LCD_GetBitsPerPixelEx  STemWin_CM3_wc16.a(LCD_GetEx.o)
    0x08001f9e   0x08001f9e   0x00000002   PAD
    0x08001fa0   0x08001fa0   0x00000010   Code   RO         2579    .text.LCD_GetNumColors  STemWin_CM3_wc16.a(LCD_GetEx.o)
    0x08001fb0   0x08001fb0   0x00000006   Code   RO         2568    .text.LCD_GetNumColorsEx  STemWin_CM3_wc16.a(LCD_GetEx.o)
    0x08001fb6   0x08001fb6   0x0000001e   Code   RO         2876    .text.LCD_GetNumLayers  STemWin_CM3_wc16.a(LCD_GetNumDisplays.o)
    0x08001fd4   0x08001fd4   0x00000010   Code   RO         2588    .text.LCD_GetPalette  STemWin_CM3_wc16.a(LCD_GetEx.o)
    0x08001fe4   0x08001fe4   0x00000016   Code   RO         2587    .text.LCD_GetPaletteEx  STemWin_CM3_wc16.a(LCD_GetEx.o)
    0x08001ffa   0x08001ffa   0x00000002   PAD
    0x08001ffc   0x08001ffc   0x0000000c   Code   RO         2599    .text.LCD_GetXSizeDisplay  STemWin_CM3_wc16.a(LCD_GetEx.o)
    0x08002008   0x08002008   0x00000006   Code   RO         2593    .text.LCD_GetXSizeMax  STemWin_CM3_wc16.a(LCD_GetEx.o)
    0x0800200e   0x0800200e   0x00000002   PAD
    0x08002010   0x08002010   0x0000000c   Code   RO         2600    .text.LCD_GetYSizeDisplay  STemWin_CM3_wc16.a(LCD_GetEx.o)
    0x0800201c   0x0800201c   0x00000006   Code   RO         2594    .text.LCD_GetYSizeMax  STemWin_CM3_wc16.a(LCD_GetEx.o)
    0x08002022   0x08002022   0x00000004   Code   RO         2549    .text.LCD_GetpPalConvTableBM  STemWin_CM3_wc16.a(LCD_Color.o)
    0x08002026   0x08002026   0x00000002   PAD
    0x08002028   0x08002028   0x0000006c   Code   RO         2547    .text.LCD_GetpPalConvTableUncached  STemWin_CM3_wc16.a(LCD_Color.o)
    0x08002094   0x08002094   0x0000001c   Code   RO         2532    .text.LCD_Index2Color  STemWin_CM3_wc16.a(LCD.o)
    0x080020b0   0x080020b0   0x00000028   Code   RO         2068    .text.LCD_Index2Color_565  STemWin_CM3_wc16.a(GUICC_565.o)
    0x080020d8   0x080020d8   0x0000003c   Code   RO         2546    .text.LCD_InitColors  STemWin_CM3_wc16.a(LCD_Color.o)
    0x08002114   0x08002114   0x00000088   Code   RO         2550    .text.LCD_InitLUT   STemWin_CM3_wc16.a(LCD_Color.o)
    0x0800219c   0x0800219c   0x00000040   Code   RO         2634    .text.LCD_SelectLCD  STemWin_CM3_wc16.a(LCD_SelectLCD.o)
    0x080021dc   0x080021dc   0x0000000c   Code   RO         2537    .text.LCD_SetBkColor  STemWin_CM3_wc16.a(LCD.o)
    0x080021e8   0x080021e8   0x00000018   Code   RO         2535    .text.LCD_SetBkColorIndex  STemWin_CM3_wc16.a(LCD.o)
    0x08002200   0x08002200   0x00000030   Code   RO         2888    .text.LCD_SetClipRectEx  STemWin_CM3_wc16.a(LCD_SetClipRectEx.o)
    0x08002230   0x08002230   0x0000001c   Code   RO         2529    .text.LCD_SetClipRectMax  STemWin_CM3_wc16.a(LCD.o)
    0x0800224c   0x0800224c   0x0000000c   Code   RO         2538    .text.LCD_SetColor  STemWin_CM3_wc16.a(LCD.o)
    0x08002258   0x08002258   0x00000018   Code   RO         2533    .text.LCD_SetColorIndex  STemWin_CM3_wc16.a(LCD.o)
    0x08002270   0x08002270   0x0000000c   Code   RO         2598    .text.LCD_SetDisplaySize  STemWin_CM3_wc16.a(LCD_GetEx.o)
    0x0800227c   0x0800227c   0x0000000c   Code   RO         2522    .text.LCD_SetDrawMode  STemWin_CM3_wc16.a(LCD.o)
    0x08002288   0x08002288   0x00000030   Code   RO         2272    .text.LCD_SetLUTEntryEx  STemWin_CM3_wc16.a(LCD_Set.o)
    0x080022b8   0x080022b8   0x00000030   Code   RO         2274    .text.LCD_SetSizeEx  STemWin_CM3_wc16.a(LCD_Set.o)
    0x080022e8   0x080022e8   0x00000030   Code   RO         2277    .text.LCD_SetVSizeEx  STemWin_CM3_wc16.a(LCD_Set.o)
    0x08002318   0x08002318   0x00000024   Code   RO         2638    .text.LCD_UpdateColorIndices  STemWin_CM3_wc16.a(LCD_UpdateColorIndices.o)
    0x0800233c   0x0800233c   0x000001d8   Code   RO         2527    .text.LCD__DrawBitmap_1bpp  STemWin_CM3_wc16.a(LCD.o)
    0x08002514   0x08002514   0x0000007e   Code   RO         2601    .text.LCD__GetBPP   STemWin_CM3_wc16.a(LCD_GetEx.o)
    0x08002592   0x08002592   0x0000002c   Code   RO         2602    .text.LCD__GetBPPDevice  STemWin_CM3_wc16.a(LCD_GetEx.o)
    0x080025be   0x080025be   0x00000002   PAD
    0x080025c0   0x080025c0   0x00000010   Code   RO         2707    .text.WM_Activate   STemWin_CM3_wc16.a(WM.o)
    0x080025d0   0x080025d0   0x00000086   Code   RO         2751    .text.WM_BringToBottom  STemWin_CM3_wc16.a(WM_Lib.o)
    0x08002656   0x08002656   0x00000002   PAD
    0x08002658   0x08002658   0x00000160   Code   RO         2693    .text.WM_CreateWindowAsChild  STemWin_CM3_wc16.a(WM.o)
    0x080027b8   0x080027b8   0x00000048   Code   RO         2709    .text.WM_DefaultProc  STemWin_CM3_wc16.a(WM.o)
    0x08002800   0x08002800   0x00000018   Code   RO         2729    .text.WM_GetDesktopWindow  STemWin_CM3_wc16.a(WM_Lib.o)
    0x08002818   0x08002818   0x00000010   Code   RO         2736    .text.WM_GetFirstChild  STemWin_CM3_wc16.a(WM_Lib.o)
    0x08002828   0x08002828   0x00000010   Code   RO         2750    .text.WM_GetParent  STemWin_CM3_wc16.a(WM_Lib.o)
    0x08002838   0x08002838   0x000000f0   Code   RO         2711    .text.WM_Init       STemWin_CM3_wc16.a(WM.o)
    0x08002928   0x08002928   0x00000078   Code   RO         2689    .text.WM_InvalidateRect  STemWin_CM3_wc16.a(WM.o)
    0x080029a0   0x080029a0   0x00000006   Code   RO         2690    .text.WM_InvalidateWindow  STemWin_CM3_wc16.a(WM.o)
    0x080029a6   0x080029a6   0x00000064   Code   RO         2684    .text.WM_InvalidateWindowAndDescsEx  STemWin_CM3_wc16.a(WM.o)
    0x08002a0a   0x08002a0a   0x00000002   PAD
    0x08002a0c   0x08002a0c   0x00000040   Code   RO         2692    .text.WM_SelectWindow  STemWin_CM3_wc16.a(WM.o)
    0x08002a4c   0x08002a4c   0x0000001c   Code   RO         2773    .text.WM_SendToParent  STemWin_CM3_wc16.a(WM_Lib.o)
    0x08002a68   0x08002a68   0x00000048   Code   RO         2674    .text.WM__ActivateClipRect  STemWin_CM3_wc16.a(WM.o)
    0x08002ab0   0x08002ab0   0x00000010   Code   RO         2980    .text.WM__AddCriticalHandle  STemWin_CM3_wc16.a(WM__Private.o)
    0x08002ac0   0x08002ac0   0x00000010   Code   RO         2672    .text.WM__Client2Screen  STemWin_CM3_wc16.a(WM.o)
    0x08002ad0   0x08002ad0   0x00000058   Code   RO         2669    .text.WM__ClipAtParentBorders  STemWin_CM3_wc16.a(WM.o)
    0x08002b28   0x08002b28   0x00000022   Code   RO         2982    .text.WM__GetClientRectEx  STemWin_CM3_wc16.a(WM__Private.o)
    0x08002b4a   0x08002b4a   0x00000018   Code   RO         2680    .text.WM__GetClientRectWin  STemWin_CM3_wc16.a(WM.o)
    0x08002b62   0x08002b62   0x00000012   Code   RO         2964    .text.WM__GetFirstSibling  STemWin_CM3_wc16.a(WM__Private.o)
    0x08002b74   0x08002b74   0x00000184   Code   RO         2698    .text.WM__GetNextIVR  STemWin_CM3_wc16.a(WM.o)
    0x08002cf8   0x08002cf8   0x00000026   Code   RO         2968    .text.WM__GetPrevSibling  STemWin_CM3_wc16.a(WM__Private.o)
    0x08002d1e   0x08002d1e   0x00000002   PAD
    0x08002d20   0x08002d20   0x00000028   Code   RO         2681    .text.WM__GetTopLevelLayer  STemWin_CM3_wc16.a(WM.o)
    0x08002d48   0x08002d48   0x00000100   Code   RO         2699    .text.WM__InitIVRSearch  STemWin_CM3_wc16.a(WM.o)
    0x08002e48   0x08002e48   0x000000ac   Code   RO         2670    .text.WM__InsertWindowIntoList  STemWin_CM3_wc16.a(WM.o)
    0x08002ef4   0x08002ef4   0x00000006   Code   RO         2683    .text.WM__Invalidate1Abs  STemWin_CM3_wc16.a(WM.o)
    0x08002efa   0x08002efa   0x00000002   PAD
    0x08002efc   0x08002efc   0x00000050   Code   RO         2676    .text.WM__InvalidateDrawAndDescs  STemWin_CM3_wc16.a(WM.o)
    0x08002f4c   0x08002f4c   0x00000076   Code   RO         2685    .text.WM__InvalidateRect  STemWin_CM3_wc16.a(WM.o)
    0x08002fc2   0x08002fc2   0x00000006   Code   RO         2687    .text.WM__InvalidateRectEx  STemWin_CM3_wc16.a(WM.o)
    0x08002fc8   0x08002fc8   0x00000022   Code   RO         2677    .text.WM__RectIsNZ  STemWin_CM3_wc16.a(WM.o)
    0x08002fea   0x08002fea   0x00000014   Code   RO         2691    .text.WM__SelectTopLevelLayer  STemWin_CM3_wc16.a(WM.o)
    0x08002ffe   0x08002ffe   0x00000002   PAD
    0x08003000   0x08003000   0x0000003c   Code   RO         2976    .text.WM__SendMessage  STemWin_CM3_wc16.a(WM__Private.o)
    0x0800303c   0x0800303c   0x00000016   Code   RO         2679    .text.WM__SendMsgNoData  STemWin_CM3_wc16.a(WM.o)
    0x08003052   0x08003052   0x00000002   PAD
    0x08003054   0x08003054   0x000000a4   Code   RO         2079    .text._AddFreeMemory  STemWin_CM3_wc16.a(GUI_Alloc.o)
    0x080030f8   0x080030f8   0x000000f0   Code   RO         2105    .text._Alloc        STemWin_CM3_wc16.a(GUI_Alloc.o)
    0x080031e8   0x080031e8   0x00000004   Code   RO         2459    .text._CalcSizeOfChar  STemWin_CM3_wc16.a(GUI_UC_EncodeNone.o)
    0x080031ec   0x080031ec   0x0000003c   Code   RO         2071    .text._Color2IndexBulk  STemWin_CM3_wc16.a(GUICC_565.o)
    0x08003228   0x08003228   0x00000052   Code   RO         2800    .text._Color2Index_0  STemWin_CM3_wc16.a(GUICC_0.o)
    0x0800327a   0x0800327a   0x00000002   PAD
    0x0800327c   0x0800327c   0x00000028   Code   RO         2069    .text._Color2Index_565  STemWin_CM3_wc16.a(GUICC_565.o)
    0x080032a4   0x080032a4   0x0000003e   Code   RO         2928    .text._Convert16    STemWin_CM3_wc16.a(GUIDEV_WriteToActiveOpaque.o)
    0x080032e2   0x080032e2   0x00000042   Code   RO         2929    .text._Convert8     STemWin_CM3_wc16.a(GUIDEV_WriteToActiveOpaque.o)
    0x08003324   0x08003324   0x0000009c   Code   RO         2408    .text._DispLine     STemWin_CM3_wc16.a(GUI_CharLine.o)
    0x080033c0   0x080033c0   0x0000000e   Code   RO         2307    .text._DrawBitmap   STemWin_CM3_wc16.a(GUIDRV_FlexColor.o)
    0x080033ce   0x080033ce   0x00000002   PAD
    0x080033d0   0x080033d0   0x00000528   Code   RO         2363    .text._DrawBitmap   STemWin_CM3_wc16.a(GUIDRV_FlexColor_16bpp_C0B8.o)
    0x080038f8   0x080038f8   0x00000748   Code   RO         2653    .text._DrawBitmap   STemWin_CM3_wc16.a(GUIDEV_16.o)
    0x08004040   0x08004040   0x00000010   Code   RO         2304    .text._DrawHLine    STemWin_CM3_wc16.a(GUIDRV_FlexColor.o)
    0x08004050   0x08004050   0x0000000e   Code   RO         2652    .text._DrawHLine    STemWin_CM3_wc16.a(GUIDEV_16.o)
    0x0800405e   0x0800405e   0x00000012   Code   RO         2305    .text._DrawVLine    STemWin_CM3_wc16.a(GUIDRV_FlexColor.o)
    0x08004070   0x08004070   0x000000bc   Code   RO         2650    .text._DrawVLine    STemWin_CM3_wc16.a(GUIDEV_16.o)
    0x0800412c   0x0800412c   0x00000006   Code   RO         2460    .text._Encode       STemWin_CM3_wc16.a(GUI_UC_EncodeNone.o)
    0x08004132   0x08004132   0x00000002   PAD
    0x08004134   0x08004134   0x0000009c   Code   RO         2100    .text._EnlargeBlocks  STemWin_CM3_wc16.a(GUI_Alloc.o)
    0x080041d0   0x080041d0   0x0000000e   Code   RO         2306    .text._FillRect     STemWin_CM3_wc16.a(GUIDRV_FlexColor.o)
    0x080041de   0x080041de   0x00000002   PAD
    0x080041e0   0x080041e0   0x00000104   Code   RO         2362    .text._FillRect     STemWin_CM3_wc16.a(GUIDRV_FlexColor_16bpp_C0B8.o)
    0x080042e4   0x080042e4   0x000000b4   Code   RO         2651    .text._FillRect     STemWin_CM3_wc16.a(GUIDEV_16.o)
    0x08004398   0x08004398   0x00000086   Code   RO         2663    .text._Findx0       STemWin_CM3_wc16.a(WM.o)
    0x0800441e   0x0800441e   0x00000072   Code   RO         2664    .text._Findx1       STemWin_CM3_wc16.a(WM.o)
    0x08004490   0x08004490   0x000000a6   Code   RO         2662    .text._Findy1       STemWin_CM3_wc16.a(WM.o)
    0x08004536   0x08004536   0x00000004   Code   RO         2457    .text._GetCharCode  STemWin_CM3_wc16.a(GUI_UC_EncodeNone.o)
    0x0800453a   0x0800453a   0x00000004   Code   RO         2458    .text._GetCharSize  STemWin_CM3_wc16.a(GUI_UC_EncodeNone.o)
    0x0800453e   0x0800453e   0x0000000c   Code   RO         2316    .text._GetDevData   STemWin_CM3_wc16.a(GUIDRV_FlexColor.o)
    0x0800454a   0x0800454a   0x00000002   PAD
    0x0800454c   0x0800454c   0x00000010   Code   RO         2642    .text._GetDevData   STemWin_CM3_wc16.a(GUIDEV_16.o)
    0x0800455c   0x0800455c   0x0000007c   Code   RO         2314    .text._GetDevFunc   STemWin_CM3_wc16.a(GUIDRV_FlexColor.o)
    0x080045d8   0x080045d8   0x00000010   Code   RO         2643    .text._GetDevFunc   STemWin_CM3_wc16.a(GUIDEV_16.o)
    0x080045e8   0x080045e8   0x0000004a   Code   RO         2347    .text._GetDevFunc_Init  STemWin_CM3_wc16.a(GUIDRV_FlexColor.o)
    0x08004632   0x08004632   0x00000016   Code   RO         2350    .text._GetDevFunc_Off  STemWin_CM3_wc16.a(GUIDRV_FlexColor.o)
    0x08004648   0x08004648   0x00000016   Code   RO         2351    .text._GetDevFunc_On  STemWin_CM3_wc16.a(GUIDRV_FlexColor.o)
    0x0800465e   0x0800465e   0x00000002   Code   RO         2308    .text._GetDevFunc_SetRect  STemWin_CM3_wc16.a(GUIDRV_FlexColor.o)
    0x08004660   0x08004660   0x00000040   Code   RO         2309    .text._GetDevFunc_SetRectOutside  STemWin_CM3_wc16.a(GUIDRV_FlexColor.o)
    0x080046a0   0x080046a0   0x00000014   Code   RO         2348    .text._GetDevFunc_SetSize  STemWin_CM3_wc16.a(GUIDRV_FlexColor.o)
    0x080046b4   0x080046b4   0x00000014   Code   RO         2349    .text._GetDevFunc_SetVSize  STemWin_CM3_wc16.a(GUIDRV_FlexColor.o)
    0x080046c8   0x080046c8   0x0000005a   Code   RO         2315    .text._GetDevProp   STemWin_CM3_wc16.a(GUIDRV_FlexColor.o)
    0x08004722   0x08004722   0x0000001e   Code   RO         2561    .text._GetDevProp   STemWin_CM3_wc16.a(LCD_GetEx.o)
    0x08004740   0x08004740   0x00000018   Code   RO         2654    .text._GetDevProp   STemWin_CM3_wc16.a(GUIDEV_16.o)
    0x08004758   0x08004758   0x00000052   Code   RO         2798    .text._GetIndexMask_0  STemWin_CM3_wc16.a(GUICC_0.o)
    0x080047aa   0x080047aa   0x00000006   Code   RO         2070    .text._GetIndexMask_565  STemWin_CM3_wc16.a(GUICC_565.o)
    0x080047b0   0x080047b0   0x00000022   Code   RO         2562    .text._GetMaxValue  STemWin_CM3_wc16.a(LCD_GetEx.o)
    0x080047d2   0x080047d2   0x00000008   Code   RO         2302    .text._GetPixelIndex  STemWin_CM3_wc16.a(GUIDRV_FlexColor.o)
    0x080047da   0x080047da   0x0000000e   Code   RO         2647    .text._GetPixelIndex  STemWin_CM3_wc16.a(GUIDEV_16.o)
    0x080047e8   0x080047e8   0x00000016   Code   RO         2317    .text._GetRect      STemWin_CM3_wc16.a(GUIDRV_FlexColor.o)
    0x080047fe   0x080047fe   0x00000036   Code   RO         2645    .text._GetRect      STemWin_CM3_wc16.a(GUIDEV_16.o)
    0x08004834   0x08004834   0x0000004c   Code   RO         2072    .text._Index2ColorBulk  STemWin_CM3_wc16.a(GUICC_565.o)
    0x08004880   0x08004880   0x0000001e   Code   RO         2799    .text._Index2Color_0  STemWin_CM3_wc16.a(GUICC_0.o)
    0x0800489e   0x0800489e   0x00000002   PAD
    0x080048a0   0x080048a0   0x00000084   Code   RO         2206    .text._InitContext  STemWin_CM3_wc16.a(GUI_Core.o)
    0x08004924   0x08004924   0x00000068   Code   RO         2101    .text._InitOnce     STemWin_CM3_wc16.a(GUI_Alloc.o)
    0x0800498c   0x0800498c   0x000000a0   Code   RO         2682    .text._Invalidate1Abs  STemWin_CM3_wc16.a(WM.o)
    0x08004a2c   0x08004a2c   0x00000004   Code   RO         2322    .text._Log2PhysX_X0Y0S0  STemWin_CM3_wc16.a(GUIDRV_FlexColor.o)
    0x08004a30   0x08004a30   0x00000004   Code   RO         2324    .text._Log2PhysX_X0Y0S1  STemWin_CM3_wc16.a(GUIDRV_FlexColor.o)
    0x08004a34   0x08004a34   0x00000004   Code   RO         2323    .text._Log2PhysX_X0Y1S0  STemWin_CM3_wc16.a(GUIDRV_FlexColor.o)
    0x08004a38   0x08004a38   0x00000004   Code   RO         2325    .text._Log2PhysX_X0Y1S1  STemWin_CM3_wc16.a(GUIDRV_FlexColor.o)
    0x08004a3c   0x08004a3c   0x00000008   Code   RO         2328    .text._Log2PhysX_X1Y0S0  STemWin_CM3_wc16.a(GUIDRV_FlexColor.o)
    0x08004a44   0x08004a44   0x00000008   Code   RO         2330    .text._Log2PhysX_X1Y0S1  STemWin_CM3_wc16.a(GUIDRV_FlexColor.o)
    0x08004a4c   0x08004a4c   0x00000008   Code   RO         2329    .text._Log2PhysX_X1Y1S0  STemWin_CM3_wc16.a(GUIDRV_FlexColor.o)
    0x08004a54   0x08004a54   0x00000008   Code   RO         2331    .text._Log2PhysX_X1Y1S1  STemWin_CM3_wc16.a(GUIDRV_FlexColor.o)
    0x08004a5c   0x08004a5c   0x00000004   Code   RO         2326    .text._Log2PhysY_X0Y0S0  STemWin_CM3_wc16.a(GUIDRV_FlexColor.o)
    0x08004a60   0x08004a60   0x00000004   Code   RO         2321    .text._Log2PhysY_X0Y0S1  STemWin_CM3_wc16.a(GUIDRV_FlexColor.o)
    0x08004a64   0x08004a64   0x00000008   Code   RO         2327    .text._Log2PhysY_X0Y1S0  STemWin_CM3_wc16.a(GUIDRV_FlexColor.o)
    0x08004a6c   0x08004a6c   0x00000008   Code   RO         2332    .text._Log2PhysY_X0Y1S1  STemWin_CM3_wc16.a(GUIDRV_FlexColor.o)
    0x08004a74   0x08004a74   0x00000004   Code   RO         2297    .text._Log2PhysY_X1Y0S0  STemWin_CM3_wc16.a(GUIDRV_FlexColor.o)
    0x08004a78   0x08004a78   0x00000004   Code   RO         2299    .text._Log2PhysY_X1Y0S1  STemWin_CM3_wc16.a(GUIDRV_FlexColor.o)
    0x08004a7c   0x08004a7c   0x00000008   Code   RO         2298    .text._Log2PhysY_X1Y1S0  STemWin_CM3_wc16.a(GUIDRV_FlexColor.o)
    0x08004a84   0x08004a84   0x00000008   Code   RO         2300    .text._Log2PhysY_X1Y1S1  STemWin_CM3_wc16.a(GUIDRV_FlexColor.o)
    0x08004a8c   0x08004a8c   0x00000002   Code   RO         2407    .text._Log2VisBuffered  STemWin_CM3_wc16.a(GUI_CharLine.o)
    0x08004a8e   0x08004a8e   0x00000002   PAD
    0x08004a90   0x08004a90   0x00000048   Code   RO         2207    .text._OnExit       STemWin_CM3_wc16.a(GUI_Core.o)
    0x08004ad8   0x08004ad8   0x0000001c   Code   RO         2544    .text._OnExit       STemWin_CM3_wc16.a(LCD_Color.o)
    0x08004af4   0x08004af4   0x0000009c   Code   RO         2660    .text._OnExit       STemWin_CM3_wc16.a(WM.o)
    0x08004b90   0x08004b90   0x00000024   Code   RO         2077    .text._PushFreeBlock  STemWin_CM3_wc16.a(GUI_Alloc.o)
    0x08004bb4   0x08004bb4   0x0000000a   Code   RO         2360    .text._ReadData     STemWin_CM3_wc16.a(GUIDRV_FlexColor_16bpp_C0B8.o)
    0x08004bbe   0x08004bbe   0x0000000a   Code   RO         2310    .text._ReadPixelCust_16bpp  STemWin_CM3_wc16.a(GUIDRV_FlexColor.o)
    0x08004bc8   0x08004bc8   0x0000000a   Code   RO         2311    .text._ReadPixelCust_18bpp  STemWin_CM3_wc16.a(GUIDRV_FlexColor.o)
    0x08004bd2   0x08004bd2   0x0000003c   Code   RO         2372    .text._ReadPixel_16bpp_B16_I  STemWin_CM3_wc16.a(GUIDRV_FlexColor_Func66709.o)
    0x08004c0e   0x08004c0e   0x00000038   Code   RO         2371    .text._ReadPixel_16bpp_B8  STemWin_CM3_wc16.a(GUIDRV_FlexColor_Func66709.o)
    0x08004c46   0x08004c46   0x0000003a   Code   RO         2312    .text._ReadRectCust_16bpp  STemWin_CM3_wc16.a(GUIDRV_FlexColor.o)
    0x08004c80   0x08004c80   0x0000003a   Code   RO         2313    .text._ReadRectCust_18bpp  STemWin_CM3_wc16.a(GUIDRV_FlexColor.o)
    0x08004cba   0x08004cba   0x0000006a   Code   RO         2383    .text._ReadRect_16bpp_B16_I  STemWin_CM3_wc16.a(GUIDRV_FlexColor_Func66709.o)
    0x08004d24   0x08004d24   0x00000066   Code   RO         2382    .text._ReadRect_16bpp_B8  STemWin_CM3_wc16.a(GUIDRV_FlexColor_Func66709.o)
    0x08004d8a   0x08004d8a   0x00000002   PAD
    0x08004d8c   0x08004d8c   0x00000040   Code   RO         2078    .text._RemoveFreeBlock  STemWin_CM3_wc16.a(GUI_Alloc.o)
    0x08004dcc   0x08004dcc   0x00000098   Code   RO         2080    .text._RemoveHoles  STemWin_CM3_wc16.a(GUI_Alloc.o)
    0x08004e64   0x08004e64   0x00000020   Code   RO         2536    .text._SetBkColor   STemWin_CM3_wc16.a(LCD.o)
    0x08004e84   0x08004e84   0x00000050   Code   RO         2673    .text._SetClipRectUserIntersect  STemWin_CM3_wc16.a(WM.o)
    0x08004ed4   0x08004ed4   0x00000020   Code   RO         2534    .text._SetColor     STemWin_CM3_wc16.a(LCD.o)
    0x08004ef4   0x08004ef4   0x0000009c   Code   RO         2346    .text._SetDevFunc   STemWin_CM3_wc16.a(GUIDRV_FlexColor.o)
    0x08004f90   0x08004f90   0x00000028   Code   RO         2521    .text._SetDrawMode  STemWin_CM3_wc16.a(LCD.o)
    0x08004fb8   0x08004fb8   0x00000034   Code   RO         2381    .text._SetInterface  STemWin_CM3_wc16.a(GUIDRV_FlexColor_Func66709.o)
    0x08004fec   0x08004fec   0x00000016   Code   RO         2320    .text._SetOrg       STemWin_CM3_wc16.a(GUIDRV_FlexColor.o)
    0x08005002   0x08005002   0x0000000c   Code   RO         2644    .text._SetOrg       STemWin_CM3_wc16.a(GUIDEV_16.o)
    0x0800500e   0x0800500e   0x00000002   PAD
    0x08005010   0x08005010   0x00000040   Code   RO         2370    .text._SetOrientation  STemWin_CM3_wc16.a(GUIDRV_FlexColor_Func66709.o)
    0x08005050   0x08005050   0x000000a6   Code   RO         2368    .text._SetPhysRAMAddr  STemWin_CM3_wc16.a(GUIDRV_FlexColor_Func66709.o)
    0x080050f6   0x080050f6   0x0000000e   Code   RO         2301    .text._SetPixelIndex  STemWin_CM3_wc16.a(GUIDRV_FlexColor.o)
    0x08005104   0x08005104   0x0000004c   Code   RO         2649    .text._SetPixelIndex  STemWin_CM3_wc16.a(GUIDEV_16.o)
    0x08005150   0x08005150   0x000000a6   Code   RO         2369    .text._SetRect      STemWin_CM3_wc16.a(GUIDRV_FlexColor_Func66709.o)
    0x080051f6   0x080051f6   0x00000008   Code   RO         2378    .text._SetReg_B16   STemWin_CM3_wc16.a(GUIDRV_FlexColor_Func66709.o)
    0x080051fe   0x080051fe   0x0000001a   Code   RO         2377    .text._SetReg_B8    STemWin_CM3_wc16.a(GUIDRV_FlexColor_Func66709.o)
    0x08005218   0x08005218   0x00000006   Code   RO         2361    .text._WriteData    STemWin_CM3_wc16.a(GUIDRV_FlexColor_16bpp_C0B8.o)
    0x0800521e   0x0800521e   0x0000004e   Code   RO         2359    .text._WriteDataMP  STemWin_CM3_wc16.a(GUIDRV_FlexColor_16bpp_C0B8.o)
    0x0800526c   0x0800526c   0x00000008   Code   RO         2380    .text._WritePara_B16  STemWin_CM3_wc16.a(GUIDRV_FlexColor_Func66709.o)
    0x08005274   0x08005274   0x00000008   Code   RO         2379    .text._WritePara_B8  STemWin_CM3_wc16.a(GUIDRV_FlexColor_Func66709.o)
    0x0800527c   0x0800527c   0x00000014   Code   RO         2358    .text._WriteU16_A1  STemWin_CM3_wc16.a(GUIDRV_FlexColor_16bpp_C0B8.o)
    0x08005290   0x08005290   0x00000040   Code   RO         2646    .text._XY2PTR       STemWin_CM3_wc16.a(GUIDEV_16.o)
    0x080052d0   0x080052d0   0x00000024   Code   RO         2303    .text._XorPixel     STemWin_CM3_wc16.a(GUIDRV_FlexColor.o)
    0x080052f4   0x080052f4   0x00000058   Code   RO         2648    .text._XorPixel     STemWin_CM3_wc16.a(GUIDEV_16.o)
    0x0800534c   0x0800534c   0x00000068   Code   RO         2710    .text._cbBackWin    STemWin_CM3_wc16.a(WM.o)
    0x080053b4   0x080053b4   0x000000a4   Code   RO         2530    .text.emWin_LCD_Init  STemWin_CM3_wc16.a(LCD.o)
    0x08005458   0x08005458   0x00000002   Code   RO          435    i.BusFault_Handler  stm32f1xx_it.o
    0x0800545a   0x0800545a   0x00000002   Code   RO          436    i.DebugMon_Handler  stm32f1xx_it.o
    0x0800545c   0x0800545c   0x00000002   Code   RO          247    i.Error_Handler     main.o
    0x0800545e   0x0800545e   0x00000002   PAD
    0x08005460   0x08005460   0x0000003c   Code   RO         1741    i.FSMC_NORSRAM_Extended_Timing_Init  stm32f1xx_ll_fsmc.o
    0x0800549c   0x0800549c   0x00000068   Code   RO         1742    i.FSMC_NORSRAM_Init  stm32f1xx_ll_fsmc.o
    0x08005504   0x08005504   0x00000044   Code   RO         1743    i.FSMC_NORSRAM_Timing_Init  stm32f1xx_ll_fsmc.o
    0x08005548   0x08005548   0x00000020   Code   RO           89    i.GUI_X_Config      guiconf.o
    0x08005568   0x08005568   0x00000002   Code   RO           14    i.GUI_X_Init        gui_x.o
    0x0800556a   0x0800556a   0x00000022   Code   RO          702    i.HAL_CRC_Init      stm32f1xx_hal_crc.o
    0x0800558c   0x0800558c   0x00000028   Code   RO          319    i.HAL_CRC_MspInit   crc.o
    0x080055b4   0x080055b4   0x00000024   Code   RO          765    i.HAL_Delay         stm32f1xx_hal.o
    0x080055d8   0x080055d8   0x00000068   Code   RO          360    i.HAL_FSMC_MspInit  fsmc.o
    0x08005640   0x08005640   0x000001f8   Code   RO         1073    i.HAL_GPIO_Init     stm32f1xx_hal_gpio.o
    0x08005838   0x08005838   0x0000000a   Code   RO         1077    i.HAL_GPIO_WritePin  stm32f1xx_hal_gpio.o
    0x08005842   0x08005842   0x00000002   PAD
    0x08005844   0x08005844   0x0000000c   Code   RO          769    i.HAL_GetTick       stm32f1xx_hal.o
    0x08005850   0x08005850   0x00000010   Code   RO          775    i.HAL_IncTick       stm32f1xx_hal.o
    0x08005860   0x08005860   0x00000024   Code   RO          776    i.HAL_Init          stm32f1xx_hal.o
    0x08005884   0x08005884   0x00000040   Code   RO          777    i.HAL_InitTick      stm32f1xx_hal.o
    0x080058c4   0x080058c4   0x0000003c   Code   RO          511    i.HAL_MspInit       stm32f1xx_hal_msp.o
    0x08005900   0x08005900   0x00000040   Code   RO         1239    i.HAL_NVIC_SetPriority  stm32f1xx_hal_cortex.o
    0x08005940   0x08005940   0x00000024   Code   RO         1240    i.HAL_NVIC_SetPriorityGrouping  stm32f1xx_hal_cortex.o
    0x08005964   0x08005964   0x0000012c   Code   RO          933    i.HAL_RCC_ClockConfig  stm32f1xx_hal_rcc.o
    0x08005a90   0x08005a90   0x0000006c   Code   RO          942    i.HAL_RCC_GetSysClockFreq  stm32f1xx_hal_rcc.o
    0x08005afc   0x08005afc   0x00000320   Code   RO          945    i.HAL_RCC_OscConfig  stm32f1xx_hal_rcc.o
    0x08005e1c   0x08005e1c   0x0000005c   Code   RO         1863    i.HAL_SRAM_Init     stm32f1xx_hal_sram.o
    0x08005e78   0x08005e78   0x00000004   Code   RO          362    i.HAL_SRAM_MspInit  fsmc.o
    0x08005e7c   0x08005e7c   0x00000028   Code   RO         1244    i.HAL_SYSTICK_Config  stm32f1xx_hal_cortex.o
    0x08005ea4   0x08005ea4   0x00000002   Code   RO          437    i.HardFault_Handler  stm32f1xx_it.o
    0x08005ea6   0x08005ea6   0x00000002   PAD
    0x08005ea8   0x08005ea8   0x0000000c   Code   RO          538    i.LCD_IO_WriteData  bsp_lcd.o
    0x08005eb4   0x08005eb4   0x00000008   Code   RO          539    i.LCD_IO_WriteReg   bsp_lcd.o
    0x08005ebc   0x08005ebc   0x00000084   Code   RO          105    i.LCD_X_Config      lcdconf_flexcolor_template.o
    0x08005f40   0x08005f40   0x00000014   Code   RO          106    i.LCD_X_DisplayDriver  lcdconf_flexcolor_template.o
    0x08005f54   0x08005f54   0x00000014   Code   RO          107    i.LcdReadDataMultiple  lcdconf_flexcolor_template.o
    0x08005f68   0x08005f68   0x00000004   Code   RO          108    i.LcdWriteData      lcdconf_flexcolor_template.o
    0x08005f6c   0x08005f6c   0x00000016   Code   RO          109    i.LcdWriteDataMultiple  lcdconf_flexcolor_template.o
    0x08005f82   0x08005f82   0x00000004   Code   RO          110    i.LcdWriteReg       lcdconf_flexcolor_template.o
    0x08005f86   0x08005f86   0x00000002   PAD
    0x08005f88   0x08005f88   0x00000024   Code   RO          320    i.MX_CRC_Init       crc.o
    0x08005fac   0x08005fac   0x00000078   Code   RO          363    i.MX_FSMC_Init      fsmc.o
    0x08006024   0x08006024   0x000000ac   Code   RO          294    i.MX_GPIO_Init      gpio.o
    0x080060d0   0x080060d0   0x00000002   Code   RO          438    i.MemManage_Handler  stm32f1xx_it.o
    0x080060d2   0x080060d2   0x00000002   Code   RO          439    i.NMI_Handler       stm32f1xx_it.o
    0x080060d4   0x080060d4   0x00000002   Code   RO          440    i.PendSV_Handler    stm32f1xx_it.o
    0x080060d6   0x080060d6   0x00000002   Code   RO          441    i.SVC_Handler       stm32f1xx_it.o
    0x080060d8   0x080060d8   0x00000010   Code   RO          442    i.SysTick_Handler   stm32f1xx_it.o
    0x080060e8   0x080060e8   0x0000004e   Code   RO          248    i.SystemClock_Config  main.o
    0x08006136   0x08006136   0x00000002   PAD
    0x08006138   0x08006138   0x00000048   Code   RO         2031    i.SystemInit        system_stm32f1xx.o
    0x08006180   0x08006180   0x00000002   Code   RO          443    i.UsageFault_Handler  stm32f1xx_it.o
    0x08006182   0x08006182   0x00000020   Code   RO         1246    i.__NVIC_SetPriority  stm32f1xx_hal_cortex.o
    0x080061a2   0x080061a2   0x0000000e   Code   RO         3337    i.__scatterload_copy  mc_w.l(handlers.o)
    0x080061b0   0x080061b0   0x00000002   Code   RO         3338    i.__scatterload_null  mc_w.l(handlers.o)
    0x080061b2   0x080061b2   0x0000000e   Code   RO         3339    i.__scatterload_zeroinit  mc_w.l(handlers.o)
    0x080061c0   0x080061c0   0x00000228   Code   RO          589    i.ili9341_Init      ili9341.o
    0x080063e8   0x080063e8   0x00000060   Code   RO          249    i.main              main.o
    0x08006448   0x08006448   0x00000010   Data   RO         2032    .constdata          system_stm32f1xx.o
    0x08006458   0x08006458   0x00000018   Data   RO         2073    .rodata             STemWin_CM3_wc16.a(GUICC_565.o)
    0x08006470   0x08006470   0x00000017   Data   RO         2231    .rodata             STemWin_CM3_wc16.a(GUI_Core.o)
    0x08006487   0x08006487   0x00000001   PAD
    0x08006488   0x08006488   0x00000074   Data   RO         2354    .rodata             STemWin_CM3_wc16.a(GUIDRV_FlexColor.o)
    0x080064fc   0x080064fc   0x00000008   Data   RO         2386    .rodata             STemWin_CM3_wc16.a(GUIDRV_FlexColor_Func66709.o)
    0x08006504   0x08006504   0x0000073c   Data   RO         2390    .rodata             STemWin_CM3_wc16.a(F6x8.o)
    0x08006c40   0x08006c40   0x00000d0c   Data   RO         2394    .rodata             STemWin_CM3_wc16.a(F8x16.o)
    0x0800794c   0x0800794c   0x00000010   Data   RO         2462    .rodata             STemWin_CM3_wc16.a(GUI_UC_EncodeNone.o)
    0x0800795c   0x0800795c   0x00000370   Data   RO         2475    .rodata             STemWin_CM3_wc16.a(GUI__DivTbl.o)
    0x08007ccc   0x08007ccc   0x0000000c   Data   RO         2540    .rodata             STemWin_CM3_wc16.a(LCD.o)
    0x08007cd8   0x08007cd8   0x00000074   Data   RO         2656    .rodata             STemWin_CM3_wc16.a(GUIDEV_16.o)
    0x08007d4c   0x08007d4c   0x00000018   Data   RO         2803    .rodata             STemWin_CM3_wc16.a(GUICC_0.o)
    0x08007d64   0x08007d64   0x00000100   Data   RO         2884    .rodata             STemWin_CM3_wc16.a(LCD_Mirror.o)
    0x08007e64   0x08007e64   0x00000020   Data   RO         3335    Region$$Table       anon$$obj.o


    Execution Region RW_IRAM1 (Exec base: 0x20000000, Load base: 0x08007e84, Size: 0x00002fa8, Max: 0x00010000, ABSOLUTE)

    Exec Addr    Load Addr    Size         Type   Attr      Idx    E Section Name        Object

    0x20000000   0x08007e84   0x00000004   Data   RW           17    .data               gui_x.o
    0x20000004   0x08007e88   0x00000008   Data   RW          321    .data               crc.o
    0x2000000c   0x08007e90   0x00000008   Data   RW          365    .data               fsmc.o
    0x20000014   0x08007e98   0x0000000c   Data   RW          783    .data               stm32f1xx_hal.o
    0x20000020   0x08007ea4   0x00000004   Data   RW         2034    .data               system_stm32f1xx.o
    0x20000024   0x08007ea8   0x00000007   Data   RW         2114    .data               STemWin_CM3_wc16.a(GUI_Common.o)
    0x2000002b   0x08007eaf   0x00000001   PAD
    0x2000002c   0x08007eb0   0x00000010   Data   RW         2204    .data               STemWin_CM3_wc16.a(GUI_Core.o)
    0x2000003c   0x08007ec0   0x00000008   Data   RW         2366    .data               STemWin_CM3_wc16.a(GUIDRV_FlexColor_Func66709.o)
    0x20000044   0x08007ec8   0x00000004   Data   RW         2405    .data               STemWin_CM3_wc16.a(GUI_CharLine.o)
    0x20000048   0x08007ecc   0x00000008   Data   RW         2477    .data               STemWin_CM3_wc16.a(GUI__Private.o)
    0x20000050   0x08007ed4   0x00000004   Data   RW         2519    .data               STemWin_CM3_wc16.a(LCD.o)
    0x20000054   0x08007ed8   0x00000004   Data   RW         2542    .data               STemWin_CM3_wc16.a(LCD_Color.o)
    0x20000058        -       0x00002800   Zero   RW           90    .bss                guiconf.o
    0x20002858        -       0x00000048   Zero   RW          364    .bss                fsmc.o
    0x200028a0        -       0x0000000c   Zero   RW         2076    .bss                STemWin_CM3_wc16.a(GUI_Alloc.o)
    0x200028ac        -       0x000000a8   Zero   RW         2205    .bss                STemWin_CM3_wc16.a(GUI_Core.o)
    0x20002954        -       0x0000001c   Zero   RW         2296    .bss                STemWin_CM3_wc16.a(GUIDRV_FlexColor.o)
    0x20002970        -       0x00000060   Zero   RW         2434    .bss                STemWin_CM3_wc16.a(GUI_OnKey.o)
    0x200029d0        -       0x00000008   Zero   RW         2465    .bss                STemWin_CM3_wc16.a(GUI_WaitEvent.o)
    0x200029d8        -       0x0000000c   Zero   RW         2543    .bss                STemWin_CM3_wc16.a(LCD_Color.o)
    0x200029e4        -       0x00000008   Zero   RW         2560    .bss                STemWin_CM3_wc16.a(LCD_GetEx.o)
    0x200029ec        -       0x00000004   Zero   RW         2641    .bss                STemWin_CM3_wc16.a(GUIDEV_16.o)
    0x200029f0        -       0x00000030   Zero   RW         2659    .bss                STemWin_CM3_wc16.a(WM.o)
    0x20002a20        -       0x00000018   Zero   RW         2852    .bss                STemWin_CM3_wc16.a(GUI__ManageCache.o)
    0x20002a38        -       0x00000004   Zero   RW         2961    .bss                STemWin_CM3_wc16.a(WM__Private.o)
    0x20002a3c        -       0x000000c0   Zero   RW         3284    GUI_ALLOC__Context  anon$$obj.o
    0x20002afc        -       0x00000004   Zero   RW         3305    GUI_DCACHE__pfClearCacheHook  anon$$obj.o
    0x20002b00        -       0x00000001   Zero   RW         3285    GUI_DecChar         anon$$obj.o
    0x20002b01   0x08007edc   0x00000001   PAD
    0x20002b02        -       0x00000002   Zero   RW         3286    GUI_OrgX            anon$$obj.o
    0x20002b04        -       0x00000002   Zero   RW         3287    GUI_OrgY            anon$$obj.o
    0x20002b06        -       0x00000001   Zero   RW         3301    GUI__IsInitialized  anon$$obj.o
    0x20002b07        -       0x00000001   Zero   RW         3302    GUI__NumLayersInUse  anon$$obj.o
    0x20002b08        -       0x00000001   Zero   RW         3300    GUI__PreserveTrans  anon$$obj.o
    0x20002b09   0x08007edc   0x00000003   PAD
    0x20002b0c        -       0x00000008   Zero   RW         3291    GUI__apDevice       anon$$obj.o
    0x20002b14        -       0x00000004   Zero   RW         3304    GUI_pLCD_APIList    anon$$obj.o
    0x20002b18        -       0x00000004   Zero   RW         3295    GUI_pUC_API         anon$$obj.o
    0x20002b1c        -       0x00000004   Zero   RW         3293    GUI_pfDispCharLine  anon$$obj.o
    0x20002b20        -       0x00000004   Zero   RW         3292    GUI_pfDispCharStyle  anon$$obj.o
    0x20002b24        -       0x00000004   Zero   RW         3310    LCD__aConvTable     anon$$obj.o
    0x20002b28        -       0x00000400   Zero   RW            1    STACK               startup_stm32f103xe.o
    0x20002f28        -       0x00000004   Zero   RW         3317    WM_MULTIBUF__pAPI   anon$$obj.o
    0x20002f2c        -       0x00000004   Zero   RW         3316    WM__CreateFlags     anon$$obj.o
    0x20002f30        -       0x00000004   Zero   RW         3323    WM__FirstWin        anon$$obj.o
    0x20002f34        -       0x00000004   Zero   RW         3326    WM__InvalidLayerMask  anon$$obj.o
    0x20002f38        -       0x00000002   Zero   RW         3325    WM__NumInvalidWindows  anon$$obj.o
    0x20002f3a        -       0x00000002   Zero   RW         3327    WM__NumWindows      anon$$obj.o
    0x20002f3c        -       0x00000001   Zero   RW         3330    WM__PaintCallbackCnt  anon$$obj.o
    0x20002f3d   0x08007edc   0x00000003   PAD
    0x20002f40        -       0x00000004   Zero   RW         3328    WM__TouchedLayer    anon$$obj.o
    0x20002f44        -       0x00000004   Zero   RW         3313    WM__TransWindowCnt  anon$$obj.o
    0x20002f48        -       0x00000008   Zero   RW         3331    WM__aBkColor        anon$$obj.o
    0x20002f50        -       0x00000010   Zero   RW         3321    WM__aCHWinLast      anon$$obj.o
    0x20002f60        -       0x00000010   Zero   RW         3320    WM__aCHWinModal     anon$$obj.o
    0x20002f70        -       0x00000010   Zero   RW         3322    WM__aCHWinMouseOver  anon$$obj.o
    0x20002f80        -       0x00000008   Zero   RW         3312    WM__ahCapture       anon$$obj.o
    0x20002f88        -       0x00000008   Zero   RW         3319    WM__ahDesktopWin    anon$$obj.o
    0x20002f90        -       0x00000008   Zero   RW         3315    WM__ahWinFocus      anon$$obj.o
    0x20002f98        -       0x00000004   Zero   RW         3314    WM__hATransWindow   anon$$obj.o
    0x20002f9c        -       0x00000004   Zero   RW         3324    WM__hCreateStatic   anon$$obj.o
    0x20002fa0        -       0x00000004   Zero   RW         3318    WM__pExecGestures   anon$$obj.o
    0x20002fa4        -       0x00000004   Zero   RW         3311    WM__pFirstCriticalHandle  anon$$obj.o


==============================================================================

Image component sizes


      Code (inc. data)   RO Data    RW Data    ZI Data      Debug   Object Name

        20          6          0          0          0        853   bsp_lcd.o
        76         18          0          8          0       1315   crc.o
       228         28          0          8         72       1927   fsmc.o
       172         14          0          0          0        871   gpio.o
         2          0          0          4          0      51578   gui_x.o
        32         10          0          0      10240        479   guiconf.o
       552         10          0          0          0       4264   ili9341.o
       202         38          0          0          0     461052   lcdconf_flexcolor_template.o
       176         36          0          0          0       1644   main.o
        36          8        304          0       1024        760   startup_stm32f103xe.o
       164         28          0         12          0       6157   stm32f1xx_hal.o
       172         14          0          0          0      28058   stm32f1xx_hal_cortex.o
        34          0          0          0          0        939   stm32f1xx_hal_crc.o
       514         42          0          0          0       2776   stm32f1xx_hal_gpio.o
        60          8          0          0          0        782   stm32f1xx_hal_msp.o
      1208         76          0          0          0       3886   stm32f1xx_hal_rcc.o
        92          0          0          0          0       1112   stm32f1xx_hal_sram.o
        32          4          0          0          0       3478   stm32f1xx_it.o
       232         14          0          0          0       3627   stm32f1xx_ll_fsmc.o
        72         16         16          4          0       1051   system_stm32f1xx.o

    ----------------------------------------------------------------------
      4086        370        352         36      11700     576609   Object Totals
         0          0         32          0        357          0   (incl. Generated)
        10          0          0          0          7          0   (incl. Padding)

    ----------------------------------------------------------------------

      Code (inc. data)   RO Data    RW Data    ZI Data      Debug   Library Member Name

         0          0       1852          0          0          0   F6x8.o
         0          0       3340          0          0          0   F8x16.o
       194          0         24          0          0          0   GUICC_0.o
       222         32         24          0          0          0   GUICC_565.o
       110          4          0          0          0          0   GUIDEV.o
      2610         56        116          0          4          0   GUIDEV_16.o
        32          0          0          0          0          0   GUIDEV_GetDataPtr.o
        78          0          0          0          0          0   GUIDEV_Usage.o
      1996          8          0          0          0          0   GUIDEV_WriteToActiveOpaque.o
      1558        102        116          0         28          0   GUIDRV_FlexColor.o
      1798         72          0          0          0          0   GUIDRV_FlexColor_16bpp_C0B8.o
       930         48          8          8          0          0   GUIDRV_FlexColor_Func66709.o
      1308         72          0          0         12          0   GUI_Alloc.o
        96         16          0          0          0          0   GUI_Char.o
       506         36          0          4          0          0   GUI_CharLine.o
       400          8          0          0          0          0   GUI_CharM.o
       392         28          0          7          0          0   GUI_Common.o
       780        120         23         16        168          0   GUI_Core.o
       332         24          0          0          0          0   GUI_Device.o
       296          8          0          0          0          0   GUI_DispString.o
        16          4          0          0         96          0   GUI_OnKey.o
        44          8          0          0          0          0   GUI_SelectLayer.o
        76          8          0          0          0          0   GUI_UC.o
        18          0         16          0          0          0   GUI_UC_EncodeNone.o
        16          4          0          0          8          0   GUI_WaitEvent.o
       366          0          0          0          0          0   GUI__CompactPixelIndices.o
         0          0        880          0          0          0   GUI__DivTbl.o
       236          8          0          0         24          0   GUI__ManageCache.o
       244          0          0          8          0          0   GUI__Private.o
      1720        108         12          4          0          0   LCD.o
       336         48          0          4         12          0   LCD_Color.o
       400         32          0          0          8          0   LCD_GetEx.o
        30          0          0          0          0          0   LCD_GetNumDisplays.o
         0          0        256          0          0          0   LCD_Mirror.o
        64          8          0          0          0          0   LCD_SelectLCD.o
       144          0          0          0          0          0   LCD_Set.o
        48          8          0          0          0          0   LCD_SetClipRectEx.o
        36          4          0          0          0          0   LCD_UpdateColorIndices.o
      3226        236          0          0         48          0   WM.o
       218          8          0          0          0          0   WM_Lib.o
       166          8          0          0          4          0   WM__Private.o
         0          0          0          0          0          0   entry.o
         0          0          0          0          0          0   entry10a.o
         0          0          0          0          0          0   entry11a.o
         8          4          0          0          0          0   entry2.o
         4          0          0          0          0          0   entry5.o
         0          0          0          0          0          0   entry7b.o
         0          0          0          0          0          0   entry8b.o
         8          4          0          0          0          0   entry9a.o
        30          0          0          0          0          0   handlers.o
        36          8          0          0          0         68   init.o
        66          0          0          0          0         76   memmove.o
        36          0          0          0          0        108   memseta.o

    ----------------------------------------------------------------------
     21282       1142       6668         52        412        252   Library Totals
        52          0          1          1          0          0   (incl. Padding)

    ----------------------------------------------------------------------

      Code (inc. data)   RO Data    RW Data    ZI Data      Debug   Library Name

     21042       1126       6667         51        412          0   STemWin_CM3_wc16.a
       188         16          0          0          0        252   mc_w.l

    ----------------------------------------------------------------------
     21282       1142       6668         52        412        252   Library Totals

    ----------------------------------------------------------------------

==============================================================================


      Code (inc. data)   RO Data    RW Data    ZI Data      Debug   

     25368       1512       7020         88      12112     574621   Grand Totals
     25368       1512       7020         88      12112     574621   ELF Image Totals
     25368       1512       7020         88          0          0   ROM Totals

==============================================================================

    Total RO  Size (Code + RO Data)                32388 (  31.63kB)
    Total RW  Size (RW Data + ZI Data)             12200 (  11.91kB)
    Total ROM Size (Code + RO Data + RW Data)      32476 (  31.71kB)

==============================================================================

