GUIDRV_Template.c:134:13:_SetPixelIndex	24	static
GUIDRV_Template.c:173:21:_GetPixelIndex	32	static
GUIDRV_Template.c:209:13:_XorPixel	32	static
GUIDRV_Template.c:222:13:_FillRect	32	static
GUIDRV_Template.c:246:13:_DrawHLine	32	static
GUIDRV_Template.c:254:13:_DrawVLine	32	static
GUIDRV_Template.c:262:13:_DrawBitLine1BPP	40	static
GUIDRV_Template.c:311:14:_DrawBitLine2BPP	48	static
GUIDRV_Template.c:380:14:_DrawBitLine4BPP	48	static
GUIDRV_Template.c:449:14:_DrawBitLine8BPP	32	static
GUIDRV_Template.c:493:13:_DrawBitLine16BPP	24	static
GUIDRV_Template.c:507:13:_DrawBitLine32BPP	24	static
GUIDRV_Template.c:517:13:_DrawBitmap	48	static
GUIDRV_Template.c:581:12:_InitOnce	24	static
GUIDRV_Template.c:596:12:_GetDevProp	24	static
GUIDRV_Template.c:631:15:_GetDevData	16	static
GUIDRV_Template.c:648:13:_GetRect	24	static
GUIDRV_Template.c:662:13:_SetOrg	32	static
GUIDRV_Template.c:680:13:_SetVRAMAddr	24	static
GUIDRV_Template.c:697:13:_SetVSize	32	static
GUIDRV_Template.c:713:13:_SetSize	40	static
GUIDRV_Template.c:732:13:_Init	24	static
GUIDRV_Template.c:744:13:_On	16	static
GUIDRV_Template.c:752:13:_Off	16	static
GUIDRV_Template.c:760:13:_SetLUTEntry	32	static
GUIDRV_Template.c:772:16:_GetDevFunc	16	static
